Archive member included to satisfy reference by file (symbol)

c:/st/stm32cubeide_1.5.1/stm32cubeide/plugins/com.st.stm32cube.ide.mcu.externaltools.gnu-tools-for-stm32.7-2018-q2-update.win32_1.5.0.202011040924/tools/bin/../lib/gcc/arm-none-eabi/7.3.1/../../../../arm-none-eabi/lib/thumb/v7-m\libc_nano.a(lib_a-errno.o)
                              Core/Src/syscalls.o (__errno)
c:/st/stm32cubeide_1.5.1/stm32cubeide/plugins/com.st.stm32cube.ide.mcu.externaltools.gnu-tools-for-stm32.7-2018-q2-update.win32_1.5.0.202011040924/tools/bin/../lib/gcc/arm-none-eabi/7.3.1/../../../../arm-none-eabi/lib/thumb/v7-m\libc_nano.a(lib_a-exit.o)
                              c:/st/stm32cubeide_1.5.1/stm32cubeide/plugins/com.st.stm32cube.ide.mcu.externaltools.gnu-tools-for-stm32.7-2018-q2-update.win32_1.5.0.202011040924/tools/bin/../lib/gcc/arm-none-eabi/7.3.1/../../../../arm-none-eabi/lib/thumb/v7-m/crt0.o (exit)
c:/st/stm32cubeide_1.5.1/stm32cubeide/plugins/com.st.stm32cube.ide.mcu.externaltools.gnu-tools-for-stm32.7-2018-q2-update.win32_1.5.0.202011040924/tools/bin/../lib/gcc/arm-none-eabi/7.3.1/../../../../arm-none-eabi/lib/thumb/v7-m\libc_nano.a(lib_a-impure.o)
                              c:/st/stm32cubeide_1.5.1/stm32cubeide/plugins/com.st.stm32cube.ide.mcu.externaltools.gnu-tools-for-stm32.7-2018-q2-update.win32_1.5.0.202011040924/tools/bin/../lib/gcc/arm-none-eabi/7.3.1/../../../../arm-none-eabi/lib/thumb/v7-m\libc_nano.a(lib_a-exit.o) (_global_impure_ptr)
c:/st/stm32cubeide_1.5.1/stm32cubeide/plugins/com.st.stm32cube.ide.mcu.externaltools.gnu-tools-for-stm32.7-2018-q2-update.win32_1.5.0.202011040924/tools/bin/../lib/gcc/arm-none-eabi/7.3.1/../../../../arm-none-eabi/lib/thumb/v7-m\libc_nano.a(lib_a-init.o)
                              c:/st/stm32cubeide_1.5.1/stm32cubeide/plugins/com.st.stm32cube.ide.mcu.externaltools.gnu-tools-for-stm32.7-2018-q2-update.win32_1.5.0.202011040924/tools/bin/../lib/gcc/arm-none-eabi/7.3.1/../../../../arm-none-eabi/lib/thumb/v7-m/crt0.o (__libc_init_array)
c:/st/stm32cubeide_1.5.1/stm32cubeide/plugins/com.st.stm32cube.ide.mcu.externaltools.gnu-tools-for-stm32.7-2018-q2-update.win32_1.5.0.202011040924/tools/bin/../lib/gcc/arm-none-eabi/7.3.1/../../../../arm-none-eabi/lib/thumb/v7-m\libc_nano.a(lib_a-memcpy-stub.o)
                              USB_DEVICE/App/usbd_storage_if.o (memcpy)
c:/st/stm32cubeide_1.5.1/stm32cubeide/plugins/com.st.stm32cube.ide.mcu.externaltools.gnu-tools-for-stm32.7-2018-q2-update.win32_1.5.0.202011040924/tools/bin/../lib/gcc/arm-none-eabi/7.3.1/../../../../arm-none-eabi/lib/thumb/v7-m\libc_nano.a(lib_a-memset.o)
                              c:/st/stm32cubeide_1.5.1/stm32cubeide/plugins/com.st.stm32cube.ide.mcu.externaltools.gnu-tools-for-stm32.7-2018-q2-update.win32_1.5.0.202011040924/tools/bin/../lib/gcc/arm-none-eabi/7.3.1/../../../../arm-none-eabi/lib/thumb/v7-m/crt0.o (memset)

Allocating common symbols
Common symbol       size              file

hUsbDeviceFS        0x2c4             USB_DEVICE/App/usb_device.o
uwTick              0x4               Drivers/STM32F1xx_HAL_Driver/Src/stm32f1xx_hal.o
pFlash              0x20              Drivers/STM32F1xx_HAL_Driver/Src/stm32f1xx_hal_flash.o
buffer              0x6400            USB_DEVICE/App/usbd_storage_if.o
hrtc                0x14              Core/Src/main.o
hpcd_USB_FS         0x2ec             USB_DEVICE/Target/usbd_conf.o
USBD_StrDesc        0x200             USB_DEVICE/App/usbd_desc.o

Discarded input sections

 .text          0x0000000000000000        0x0 c:/st/stm32cubeide_1.5.1/stm32cubeide/plugins/com.st.stm32cube.ide.mcu.externaltools.gnu-tools-for-stm32.7-2018-q2-update.win32_1.5.0.202011040924/tools/bin/../lib/gcc/arm-none-eabi/7.3.1/thumb/v7-m/crti.o
 .data          0x0000000000000000        0x0 c:/st/stm32cubeide_1.5.1/stm32cubeide/plugins/com.st.stm32cube.ide.mcu.externaltools.gnu-tools-for-stm32.7-2018-q2-update.win32_1.5.0.202011040924/tools/bin/../lib/gcc/arm-none-eabi/7.3.1/thumb/v7-m/crti.o
 .bss           0x0000000000000000        0x0 c:/st/stm32cubeide_1.5.1/stm32cubeide/plugins/com.st.stm32cube.ide.mcu.externaltools.gnu-tools-for-stm32.7-2018-q2-update.win32_1.5.0.202011040924/tools/bin/../lib/gcc/arm-none-eabi/7.3.1/thumb/v7-m/crti.o
 .data          0x0000000000000000        0x4 c:/st/stm32cubeide_1.5.1/stm32cubeide/plugins/com.st.stm32cube.ide.mcu.externaltools.gnu-tools-for-stm32.7-2018-q2-update.win32_1.5.0.202011040924/tools/bin/../lib/gcc/arm-none-eabi/7.3.1/thumb/v7-m/crtbegin.o
 .text          0x0000000000000000       0x74 c:/st/stm32cubeide_1.5.1/stm32cubeide/plugins/com.st.stm32cube.ide.mcu.externaltools.gnu-tools-for-stm32.7-2018-q2-update.win32_1.5.0.202011040924/tools/bin/../lib/gcc/arm-none-eabi/7.3.1/../../../../arm-none-eabi/lib/thumb/v7-m/crt0.o
[...]
Memory Configuration

Name             Origin             Length             Attributes
RAM              0x0000000020000000 0x0000000000010000 xrw
FLASH            0x0000000008000000 0x0000000000080000 xr
*default*        0x0000000000000000 0xffffffffffffffff

Linker script and memory map

LOAD c:/st/stm32cubeide_1.5.1/stm32cubeide/plugins/com.st.stm32cube.ide.mcu.externaltools.gnu-tools-for-stm32.7-2018-q2-update.win32_1.5.0.202011040924/tools/bin/../lib/gcc/arm-none-eabi/7.3.1/thumb/v7-m/crti.o
LOAD c:/st/stm32cubeide_1.5.1/stm32cubeide/plugins/com.st.stm32cube.ide.mcu.externaltools.gnu-tools-for-stm32.7-2018-q2-update.win32_1.5.0.202011040924/tools/bin/../lib/gcc/arm-none-eabi/7.3.1/thumb/v7-m/crtbegin.o
LOAD c:/st/stm32cubeide_1.5.1/stm32cubeide/plugins/com.st.stm32cube.ide.mcu.externaltools.gnu-tools-for-stm32.7-2018-q2-update.win32_1.5.0.202011040924/tools/bin/../lib/gcc/arm-none-eabi/7.3.1/../../../../arm-none-eabi/lib/thumb/v7-m/crt0.o
LOAD Core/Src/main.o
LOAD Core/Src/stm32f1xx_hal_msp.o
LOAD Core/Src/stm32f1xx_it.o
LOAD Core/Src/syscalls.o
LOAD Core/Src/sysmem.o
LOAD Core/Src/system_stm32f1xx.o
LOAD Core/Startup/startup_stm32f103zetx.o
LOAD Drivers/STM32F1xx_HAL_Driver/Src/stm32f1xx_hal.o
LOAD Drivers/STM32F1xx_HAL_Driver/Src/stm32f1xx_hal_cortex.o
LOAD Drivers/STM32F1xx_HAL_Driver/Src/stm32f1xx_hal_dma.o
LOAD Drivers/STM32F1xx_HAL_Driver/Src/stm32f1xx_hal_exti.o
LOAD Drivers/STM32F1xx_HAL_Driver/Src/stm32f1xx_hal_flash.o
LOAD Drivers/STM32F1xx_HAL_Driver/Src/stm32f1xx_hal_flash_ex.o
LOAD Drivers/STM32F1xx_HAL_Driver/Src/stm32f1xx_hal_gpio.o
LOAD Drivers/STM32F1xx_HAL_Driver/Src/stm32f1xx_hal_gpio_ex.o
LOAD Drivers/STM32F1xx_HAL_Driver/Src/stm32f1xx_hal_pcd.o
LOAD Drivers/STM32F1xx_HAL_Driver/Src/stm32f1xx_hal_pcd_ex.o
LOAD Drivers/STM32F1xx_HAL_Driver/Src/stm32f1xx_hal_pwr.o
LOAD Drivers/STM32F1xx_HAL_Driver/Src/stm32f1xx_hal_rcc.o
LOAD Drivers/STM32F1xx_HAL_Driver/Src/stm32f1xx_hal_rcc_ex.o
LOAD Drivers/STM32F1xx_HAL_Driver/Src/stm32f1xx_hal_rtc.o
LOAD Drivers/STM32F1xx_HAL_Driver/Src/stm32f1xx_hal_rtc_ex.o
LOAD Drivers/STM32F1xx_HAL_Driver/Src/stm32f1xx_hal_tim.o
LOAD Drivers/STM32F1xx_HAL_Driver/Src/stm32f1xx_hal_tim_ex.o
LOAD Drivers/STM32F1xx_HAL_Driver/Src/stm32f1xx_ll_usb.o
LOAD Middlewares/ST/STM32_USB_Device_Library/Class/MSC/Src/usbd_msc.o
LOAD Middlewares/ST/STM32_USB_Device_Library/Class/MSC/Src/usbd_msc_bot.o
LOAD Middlewares/ST/STM32_USB_Device_Library/Class/MSC/Src/usbd_msc_data.o
LOAD Middlewares/ST/STM32_USB_Device_Library/Class/MSC/Src/usbd_msc_scsi.o
LOAD Middlewares/ST/STM32_USB_Device_Library/Core/Src/usbd_core.o
LOAD Middlewares/ST/STM32_USB_Device_Library/Core/Src/usbd_ctlreq.o
LOAD Middlewares/ST/STM32_USB_Device_Library/Core/Src/usbd_ioreq.o
LOAD USB_DEVICE/App/usb_device.o
LOAD USB_DEVICE/App/usbd_desc.o
LOAD USB_DEVICE/App/usbd_storage_if.o
LOAD USB_DEVICE/Target/usbd_conf.o
START GROUP
LOAD c:/st/stm32cubeide_1.5.1/stm32cubeide/plugins/com.st.stm32cube.ide.mcu.externaltools.gnu-tools-for-stm32.7-2018-q2-update.win32_1.5.0.202011040924/tools/bin/../lib/gcc/arm-none-eabi/7.3.1/../../../../arm-none-eabi/lib/thumb/v7-m\libc_nano.a
LOAD c:/st/stm32cubeide_1.5.1/stm32cubeide/plugins/com.st.stm32cube.ide.mcu.externaltools.gnu-tools-for-stm32.7-2018-q2-update.win32_1.5.0.202011040924/tools/bin/../lib/gcc/arm-none-eabi/7.3.1/../../../../arm-none-eabi/lib/thumb/v7-m\libm.a
END GROUP
START GROUP
LOAD c:/st/stm32cubeide_1.5.1/stm32cubeide/plugins/com.st.stm32cube.ide.mcu.externaltools.gnu-tools-for-stm32.7-2018-q2-update.win32_1.5.0.202011040924/tools/bin/../lib/gcc/arm-none-eabi/7.3.1/thumb/v7-m\libgcc.a
LOAD c:/st/stm32cubeide_1.5.1/stm32cubeide/plugins/com.st.stm32cube.ide.mcu.externaltools.gnu-tools-for-stm32.7-2018-q2-update.win32_1.5.0.202011040924/tools/bin/../lib/gcc/arm-none-eabi/7.3.1/../../../../arm-none-eabi/lib/thumb/v7-m\libc_nano.a
END GROUP
START GROUP
LOAD c:/st/stm32cubeide_1.5.1/stm32cubeide/plugins/com.st.stm32cube.ide.mcu.externaltools.gnu-tools-for-stm32.7-2018-q2-update.win32_1.5.0.202011040924/tools/bin/../lib/gcc/arm-none-eabi/7.3.1/thumb/v7-m\libgcc.a
LOAD c:/st/stm32cubeide_1.5.1/stm32cubeide/plugins/com.st.stm32cube.ide.mcu.externaltools.gnu-tools-for-stm32.7-2018-q2-update.win32_1.5.0.202011040924/tools/bin/../lib/gcc/arm-none-eabi/7.3.1/../../../../arm-none-eabi/lib/thumb/v7-m\libc_nano.a
LOAD c:/st/stm32cubeide_1.5.1/stm32cubeide/plugins/com.st.stm32cube.ide.mcu.externaltools.gnu-tools-for-stm32.7-2018-q2-update.win32_1.5.0.202011040924/tools/bin/../lib/gcc/arm-none-eabi/7.3.1/../../../../arm-none-eabi/lib/thumb/v7-m\libnosys.a
END GROUP
START GROUP
LOAD c:/st/stm32cubeide_1.5.1/stm32cubeide/plugins/com.st.stm32cube.ide.mcu.externaltools.gnu-tools-for-stm32.7-2018-q2-update.win32_1.5.0.202011040924/tools/bin/../lib/gcc/arm-none-eabi/7.3.1/thumb/v7-m\libgcc.a
LOAD c:/st/stm32cubeide_1.5.1/stm32cubeide/plugins/com.st.stm32cube.ide.mcu.externaltools.gnu-tools-for-stm32.7-2018-q2-update.win32_1.5.0.202011040924/tools/bin/../lib/gcc/arm-none-eabi/7.3.1/../../../../arm-none-eabi/lib/thumb/v7-m\libc_nano.a
LOAD c:/st/stm32cubeide_1.5.1/stm32cubeide/plugins/com.st.stm32cube.ide.mcu.externaltools.gnu-tools-for-stm32.7-2018-q2-update.win32_1.5.0.202011040924/tools/bin/../lib/gcc/arm-none-eabi/7.3.1/../../../../arm-none-eabi/lib/thumb/v7-m\libnosys.a
END GROUP
LOAD c:/st/stm32cubeide_1.5.1/stm32cubeide/plugins/com.st.stm32cube.ide.mcu.externaltools.gnu-tools-for-stm32.7-2018-q2-update.win32_1.5.0.202011040924/tools/bin/../lib/gcc/arm-none-eabi/7.3.1/thumb/v7-m/crtend.o
LOAD c:/st/stm32cubeide_1.5.1/stm32cubeide/plugins/com.st.stm32cube.ide.mcu.externaltools.gnu-tools-for-stm32.7-2018-q2-update.win32_1.5.0.202011040924/tools/bin/../lib/gcc/arm-none-eabi/7.3.1/thumb/v7-m/crtn.o
                0x0000000020010000                _estack = (ORIGIN (RAM) + LENGTH (RAM))
                0x0000000000000200                _Min_Heap_Size = 0x200
                0x0000000000000400                _Min_Stack_Size = 0x400

.isr_vector     0x0000000008000000      0x1e4
                0x0000000008000000                . = ALIGN (0x4)
 *(.isr_vector)
 .isr_vector    0x0000000008000000      0x1e4 Core/Startup/startup_stm32f103zetx.o
                0x0000000008000000                g_pfnVectors
                0x00000000080001e4                . = ALIGN (0x4)

.text           0x00000000080001e4     0x7ae8
                0x00000000080001e4                . = ALIGN (0x4)
 *(.text)
 .text          0x00000000080001e4       0x40 c:/st/stm32cubeide_1.5.1/stm32cubeide/plugins/com.st.stm32cube.ide.mcu.externaltools.gnu-tools-for-stm32.7-2018-q2-update.win32_1.5.0.202011040924/tools/bin/../lib/gcc/arm-none-eabi/7.3.1/thumb/v7-m/crtbegin.o
 *(.text*)
 .text.main     0x0000000008000224       0x1a Core/Src/main.o
                0x0000000008000224                main
 .text.SystemClock_Config
                0x000000000800023e       0xc2 Core/Src/main.o
                0x000000000800023e                SystemClock_Config
 .text.MX_RTC_Init
                0x0000000008000300       0x38 Core/Src/main.o
 .text.MX_GPIO_Init
                0x0000000008000338       0x2c Core/Src/main.o
 .text.Error_Handler
                0x0000000008000364        0x8 Core/Src/main.o
                0x0000000008000364                Error_Handler
 .text.HAL_MspInit
                0x000000000800036c       0x64 Core/Src/stm32f1xx_hal_msp.o
                0x000000000800036c                HAL_MspInit
 .text.HAL_RTC_MspInit
                0x00000000080003d0       0x48 Core/Src/stm32f1xx_hal_msp.o
                0x00000000080003d0                HAL_RTC_MspInit
 .text.NMI_Handler
                0x0000000008000418        0x6 Core/Src/stm32f1xx_it.o
                0x0000000008000418                NMI_Handler
 .text.HardFault_Handler
                0x000000000800041e        0x6 Core/Src/stm32f1xx_it.o
                0x000000000800041e                HardFault_Handler
 .text.MemManage_Handler
                0x0000000008000424        0x6 Core/Src/stm32f1xx_it.o
                0x0000000008000424                MemManage_Handler
 .text.BusFault_Handler
                0x000000000800042a        0x6 Core/Src/stm32f1xx_it.o
                0x000000000800042a                BusFault_Handler
 .text.UsageFault_Handler
                0x0000000008000430        0x6 Core/Src/stm32f1xx_it.o
                0x0000000008000430                UsageFault_Handler
 .text.SVC_Handler
                0x0000000008000436        0xc Core/Src/stm32f1xx_it.o
                0x0000000008000436                SVC_Handler
 .text.DebugMon_Handler
                0x0000000008000442        0xc Core/Src/stm32f1xx_it.o
                0x0000000008000442                DebugMon_Handler
 .text.PendSV_Handler
                0x000000000800044e        0xc Core/Src/stm32f1xx_it.o
                0x000000000800044e                PendSV_Handler
 .text.SysTick_Handler
                0x000000000800045a        0xc Core/Src/stm32f1xx_it.o
                0x000000000800045a                SysTick_Handler
 *fill*         0x0000000008000466        0x2 
 .text.USB_LP_CAN1_RX0_IRQHandler
                0x0000000008000468       0x14 Core/Src/stm32f1xx_it.o
                0x0000000008000468                USB_LP_CAN1_RX0_IRQHandler
 .text.SystemInit
                0x000000000800047c        0xc Core/Src/system_stm32f1xx.o
                0x000000000800047c                SystemInit
 .text.Reset_Handler
                0x0000000008000488       0x48 Core/Startup/startup_stm32f103zetx.o
                0x0000000008000488                Reset_Handler
 .text.Default_Handler
                0x00000000080004d0        0x2 Core/Startup/startup_stm32f103zetx.o
                0x00000000080004d0                RTC_Alarm_IRQHandler
                0x00000000080004d0                EXTI2_IRQHandler
                0x00000000080004d0                TIM8_TRG_COM_IRQHandler
                0x00000000080004d0                TIM8_CC_IRQHandler
                0x00000000080004d0                TIM1_CC_IRQHandler
                0x00000000080004d0                TIM6_IRQHandler
                0x00000000080004d0                PVD_IRQHandler
                0x00000000080004d0                SDIO_IRQHandler
                0x00000000080004d0                EXTI3_IRQHandler
                0x00000000080004d0                EXTI0_IRQHandler
                0x00000000080004d0                I2C2_EV_IRQHandler
                0x00000000080004d0                ADC1_2_IRQHandler
                0x00000000080004d0                SPI1_IRQHandler
                0x00000000080004d0                TAMPER_IRQHandler
                0x00000000080004d0                TIM8_UP_IRQHandler
                0x00000000080004d0                DMA2_Channel2_IRQHandler
                0x00000000080004d0                DMA1_Channel4_IRQHandler
                0x00000000080004d0                USART3_IRQHandler
                0x00000000080004d0                RTC_IRQHandler
                0x00000000080004d0                DMA1_Channel7_IRQHandler
                0x00000000080004d0                CAN1_RX1_IRQHandler
                0x00000000080004d0                UART5_IRQHandler
                0x00000000080004d0                ADC3_IRQHandler
                0x00000000080004d0                TIM4_IRQHandler
                0x00000000080004d0                DMA2_Channel1_IRQHandler
                0x00000000080004d0                I2C1_EV_IRQHandler
                0x00000000080004d0                DMA1_Channel6_IRQHandler
                0x00000000080004d0                UART4_IRQHandler
                0x00000000080004d0                TIM3_IRQHandler
                0x00000000080004d0                RCC_IRQHandler
                0x00000000080004d0                TIM1_TRG_COM_IRQHandler
                0x00000000080004d0                DMA1_Channel1_IRQHandler
                0x00000000080004d0                Default_Handler
                0x00000000080004d0                EXTI15_10_IRQHandler
                0x00000000080004d0                TIM7_IRQHandler
                0x00000000080004d0                TIM5_IRQHandler
                0x00000000080004d0                EXTI9_5_IRQHandler
                0x00000000080004d0                SPI2_IRQHandler
                0x00000000080004d0                DMA1_Channel5_IRQHandler
                0x00000000080004d0                EXTI4_IRQHandler
                0x00000000080004d0                USB_HP_CAN1_TX_IRQHandler
                0x00000000080004d0                DMA1_Channel3_IRQHandler
                0x00000000080004d0                FSMC_IRQHandler
                0x00000000080004d0                TIM1_UP_IRQHandler
                0x00000000080004d0                WWDG_IRQHandler
                0x00000000080004d0                TIM2_IRQHandler
                0x00000000080004d0                TIM1_BRK_IRQHandler
                0x00000000080004d0                EXTI1_IRQHandler
                0x00000000080004d0                DMA2_Channel4_5_IRQHandler
                0x00000000080004d0                USART2_IRQHandler
                0x00000000080004d0                I2C2_ER_IRQHandler
                0x00000000080004d0                DMA1_Channel2_IRQHandler
                0x00000000080004d0                TIM8_BRK_IRQHandler
                0x00000000080004d0                CAN1_SCE_IRQHandler
                0x00000000080004d0                FLASH_IRQHandler
                0x00000000080004d0                USART1_IRQHandler
                0x00000000080004d0                SPI3_IRQHandler
                0x00000000080004d0                I2C1_ER_IRQHandler
                0x00000000080004d0                USBWakeUp_IRQHandler
                0x00000000080004d0                DMA2_Channel3_IRQHandler
 *fill*         0x00000000080004d2        0x2 
 .text.HAL_Init
                0x00000000080004d4       0x2c Drivers/STM32F1xx_HAL_Driver/Src/stm32f1xx_hal.o
                0x00000000080004d4                HAL_Init
 .text.HAL_InitTick
                0x0000000008000500       0x60 Drivers/STM32F1xx_HAL_Driver/Src/stm32f1xx_hal.o
                0x0000000008000500                HAL_InitTick
 .text.HAL_IncTick
                0x0000000008000560       0x24 Drivers/STM32F1xx_HAL_Driver/Src/stm32f1xx_hal.o
                0x0000000008000560                HAL_IncTick
 .text.HAL_GetTick
                0x0000000008000584       0x14 Drivers/STM32F1xx_HAL_Driver/Src/stm32f1xx_hal.o
                0x0000000008000584                HAL_GetTick
 .text.__NVIC_SetPriorityGrouping
                0x0000000008000598       0x48 Drivers/STM32F1xx_HAL_Driver/Src/stm32f1xx_hal_cortex.o
 .text.__NVIC_GetPriorityGrouping
                0x00000000080005e0       0x1c Drivers/STM32F1xx_HAL_Driver/Src/stm32f1xx_hal_cortex.o
 .text.__NVIC_EnableIRQ
                0x00000000080005fc       0x38 Drivers/STM32F1xx_HAL_Driver/Src/stm32f1xx_hal_cortex.o
 .text.__NVIC_SetPriority
                0x0000000008000634       0x54 Drivers/STM32F1xx_HAL_Driver/Src/stm32f1xx_hal_cortex.o
 .text.NVIC_EncodePriority
                0x0000000008000688       0x64 Drivers/STM32F1xx_HAL_Driver/Src/stm32f1xx_hal_cortex.o
 .text.SysTick_Config
                0x00000000080006ec       0x44 Drivers/STM32F1xx_HAL_Driver/Src/stm32f1xx_hal_cortex.o
 .text.HAL_NVIC_SetPriorityGrouping
                0x0000000008000730       0x16 Drivers/STM32F1xx_HAL_Driver/Src/stm32f1xx_hal_cortex.o
                0x0000000008000730                HAL_NVIC_SetPriorityGrouping
 .text.HAL_NVIC_SetPriority
                0x0000000008000746       0x38 Drivers/STM32F1xx_HAL_Driver/Src/stm32f1xx_hal_cortex.o
                0x0000000008000746                HAL_NVIC_SetPriority
 .text.HAL_NVIC_EnableIRQ
                0x000000000800077e       0x1c Drivers/STM32F1xx_HAL_Driver/Src/stm32f1xx_hal_cortex.o
                0x000000000800077e                HAL_NVIC_EnableIRQ
 .text.HAL_SYSTICK_Config
                0x000000000800079a       0x18 Drivers/STM32F1xx_HAL_Driver/Src/stm32f1xx_hal_cortex.o
                0x000000000800079a                HAL_SYSTICK_Config
 .text.HAL_PCD_Init
                0x00000000080007b2      0x216 Drivers/STM32F1xx_HAL_Driver/Src/stm32f1xx_hal_pcd.o
                0x00000000080007b2                HAL_PCD_Init
 .text.HAL_PCD_Start
                0x00000000080009c8       0x4c Drivers/STM32F1xx_HAL_Driver/Src/stm32f1xx_hal_pcd.o
                0x00000000080009c8                HAL_PCD_Start
 .text.HAL_PCD_IRQHandler
                0x0000000008000a14      0x2aa Drivers/STM32F1xx_HAL_Driver/Src/stm32f1xx_hal_pcd.o
                0x0000000008000a14                HAL_PCD_IRQHandler
 .text.HAL_PCD_SetAddress
                0x0000000008000cbe       0x4a Drivers/STM32F1xx_HAL_Driver/Src/stm32f1xx_hal_pcd.o
                0x0000000008000cbe                HAL_PCD_SetAddress
 .text.HAL_PCD_EP_Open
                0x0000000008000d08       0xcc Drivers/STM32F1xx_HAL_Driver/Src/stm32f1xx_hal_pcd.o
                0x0000000008000d08                HAL_PCD_EP_Open
 .text.HAL_PCD_EP_Close
                0x0000000008000dd4       0x90 Drivers/STM32F1xx_HAL_Driver/Src/stm32f1xx_hal_pcd.o
                0x0000000008000dd4                HAL_PCD_EP_Close
 .text.HAL_PCD_EP_Receive
                0x0000000008000e64       0x7a Drivers/STM32F1xx_HAL_Driver/Src/stm32f1xx_hal_pcd.o
                0x0000000008000e64                HAL_PCD_EP_Receive
 .text.HAL_PCD_EP_GetRxCount
                0x0000000008000ede       0x2e Drivers/STM32F1xx_HAL_Driver/Src/stm32f1xx_hal_pcd.o
                0x0000000008000ede                HAL_PCD_EP_GetRxCount
 .text.HAL_PCD_EP_Transmit
                0x0000000008000f0c       0x86 Drivers/STM32F1xx_HAL_Driver/Src/stm32f1xx_hal_pcd.o
                0x0000000008000f0c                HAL_PCD_EP_Transmit
 .text.HAL_PCD_EP_SetStall
                0x0000000008000f92       0xc0 Drivers/STM32F1xx_HAL_Driver/Src/stm32f1xx_hal_pcd.o
                0x0000000008000f92                HAL_PCD_EP_SetStall
 .text.HAL_PCD_EP_ClrStall
                0x0000000008001052       0xa8 Drivers/STM32F1xx_HAL_Driver/Src/stm32f1xx_hal_pcd.o
                0x0000000008001052                HAL_PCD_EP_ClrStall
 .text.HAL_PCD_EP_Flush
                0x00000000080010fa       0x5a Drivers/STM32F1xx_HAL_Driver/Src/stm32f1xx_hal_pcd.o
                0x00000000080010fa                HAL_PCD_EP_Flush
 .text.PCD_EP_ISR_Handler
                0x0000000008001154      0x5e6 Drivers/STM32F1xx_HAL_Driver/Src/stm32f1xx_hal_pcd.o
 .text.HAL_PCD_EP_DB_Receive
                0x000000000800173a      0x21a Drivers/STM32F1xx_HAL_Driver/Src/stm32f1xx_hal_pcd.o
 .text.HAL_PCD_EP_DB_Transmit
                0x0000000008001954      0x53a Drivers/STM32F1xx_HAL_Driver/Src/stm32f1xx_hal_pcd.o
 .text.HAL_PCDEx_PMAConfig
                0x0000000008001e8e       0x84 Drivers/STM32F1xx_HAL_Driver/Src/stm32f1xx_hal_pcd_ex.o
                0x0000000008001e8e                HAL_PCDEx_PMAConfig
 *fill*         0x0000000008001f12        0x2 
 .text.HAL_PWR_EnableBkUpAccess
                0x0000000008001f14       0x18 Drivers/STM32F1xx_HAL_Driver/Src/stm32f1xx_hal_pwr.o
                0x0000000008001f14                HAL_PWR_EnableBkUpAccess
 .text.HAL_RCC_OscConfig
                0x0000000008001f2c      0x500 Drivers/STM32F1xx_HAL_Driver/Src/stm32f1xx_hal_rcc.o
                0x0000000008001f2c                HAL_RCC_OscConfig
 .text.HAL_RCC_ClockConfig
                0x000000000800242c      0x1d4 Drivers/STM32F1xx_HAL_Driver/Src/stm32f1xx_hal_rcc.o
                0x000000000800242c                HAL_RCC_ClockConfig
 .text.HAL_RCC_GetSysClockFreq
                0x0000000008002600       0xc4 Drivers/STM32F1xx_HAL_Driver/Src/stm32f1xx_hal_rcc.o
                0x0000000008002600                HAL_RCC_GetSysClockFreq
 .text.HAL_RCC_GetHCLKFreq
                0x00000000080026c4       0x14 Drivers/STM32F1xx_HAL_Driver/Src/stm32f1xx_hal_rcc.o
                0x00000000080026c4                HAL_RCC_GetHCLKFreq
 .text.HAL_RCC_GetPCLK2Freq
                0x00000000080026d8       0x28 Drivers/STM32F1xx_HAL_Driver/Src/stm32f1xx_hal_rcc.o
                0x00000000080026d8                HAL_RCC_GetPCLK2Freq
 .text.RCC_Delay
                0x0000000008002700       0x3c Drivers/STM32F1xx_HAL_Driver/Src/stm32f1xx_hal_rcc.o
 .text.HAL_RCCEx_PeriphCLKConfig
                0x000000000800273c      0x16c Drivers/STM32F1xx_HAL_Driver/Src/stm32f1xx_hal_rcc_ex.o
                0x000000000800273c                HAL_RCCEx_PeriphCLKConfig
 .text.HAL_RCCEx_GetPeriphCLKFreq
                0x00000000080028a8      0x1d0 Drivers/STM32F1xx_HAL_Driver/Src/stm32f1xx_hal_rcc_ex.o
                0x00000000080028a8                HAL_RCCEx_GetPeriphCLKFreq
 .text.HAL_RTC_Init
                0x0000000008002a78      0x12c Drivers/STM32F1xx_HAL_Driver/Src/stm32f1xx_hal_rtc.o
                0x0000000008002a78                HAL_RTC_Init
 .text.HAL_RTC_WaitForSynchro
                0x0000000008002ba4       0x5a Drivers/STM32F1xx_HAL_Driver/Src/stm32f1xx_hal_rtc.o
                0x0000000008002ba4                HAL_RTC_WaitForSynchro
 .text.RTC_EnterInitMode
                0x0000000008002bfe       0x50 Drivers/STM32F1xx_HAL_Driver/Src/stm32f1xx_hal_rtc.o
 .text.RTC_ExitInitMode
                0x0000000008002c4e       0x50 Drivers/STM32F1xx_HAL_Driver/Src/stm32f1xx_hal_rtc.o
 .text.USB_CoreInit
                0x0000000008002c9e       0x20 Drivers/STM32F1xx_HAL_Driver/Src/stm32f1xx_ll_usb.o
                0x0000000008002c9e                USB_CoreInit
 .text.USB_EnableGlobalInt
                0x0000000008002cbe       0x2c Drivers/STM32F1xx_HAL_Driver/Src/stm32f1xx_ll_usb.o
                0x0000000008002cbe                USB_EnableGlobalInt
 .text.USB_DisableGlobalInt
                0x0000000008002cea       0x34 Drivers/STM32F1xx_HAL_Driver/Src/stm32f1xx_ll_usb.o
                0x0000000008002cea                USB_DisableGlobalInt
 .text.USB_SetCurrentMode
                0x0000000008002d1e       0x18 Drivers/STM32F1xx_HAL_Driver/Src/stm32f1xx_ll_usb.o
                0x0000000008002d1e                USB_SetCurrentMode
 .text.USB_DevInit
                0x0000000008002d36       0x40 Drivers/STM32F1xx_HAL_Driver/Src/stm32f1xx_ll_usb.o
                0x0000000008002d36                USB_DevInit
 .text.USB_FlushTxFifo
                0x0000000008002d76       0x16 Drivers/STM32F1xx_HAL_Driver/Src/stm32f1xx_ll_usb.o
                0x0000000008002d76                USB_FlushTxFifo
 .text.USB_FlushRxFifo
                0x0000000008002d8c       0x14 Drivers/STM32F1xx_HAL_Driver/Src/stm32f1xx_ll_usb.o
                0x0000000008002d8c                USB_FlushRxFifo
 .text.USB_ActivateEndpoint
                0x0000000008002da0      0x6d4 Drivers/STM32F1xx_HAL_Driver/Src/stm32f1xx_ll_usb.o
                0x0000000008002da0                USB_ActivateEndpoint
 .text.USB_DeactivateEndpoint
                0x0000000008003474      0x3d8 Drivers/STM32F1xx_HAL_Driver/Src/stm32f1xx_ll_usb.o
                0x0000000008003474                USB_DeactivateEndpoint
 .text.USB_EPStartXfer
                0x000000000800384c     0x1240 Drivers/STM32F1xx_HAL_Driver/Src/stm32f1xx_ll_usb.o
                0x000000000800384c                USB_EPStartXfer
 .text.USB_EPSetStall
                0x0000000008004a8c       0xa0 Drivers/STM32F1xx_HAL_Driver/Src/stm32f1xx_ll_usb.o
                0x0000000008004a8c                USB_EPSetStall
 .text.USB_EPClearStall
                0x0000000008004b2c      0x15a Drivers/STM32F1xx_HAL_Driver/Src/stm32f1xx_ll_usb.o
                0x0000000008004b2c                USB_EPClearStall
 .text.USB_SetDevAddress
                0x0000000008004c86       0x26 Drivers/STM32F1xx_HAL_Driver/Src/stm32f1xx_ll_usb.o
                0x0000000008004c86                USB_SetDevAddress
 .text.USB_DevConnect
                0x0000000008004cac       0x14 Drivers/STM32F1xx_HAL_Driver/Src/stm32f1xx_ll_usb.o
                0x0000000008004cac                USB_DevConnect
 .text.USB_DevDisconnect
                0x0000000008004cc0       0x14 Drivers/STM32F1xx_HAL_Driver/Src/stm32f1xx_ll_usb.o
                0x0000000008004cc0                USB_DevDisconnect
 .text.USB_ReadInterrupts
                0x0000000008004cd4       0x1e Drivers/STM32F1xx_HAL_Driver/Src/stm32f1xx_ll_usb.o
                0x0000000008004cd4                USB_ReadInterrupts
 .text.USB_EP0_OutStart
                0x0000000008004cf2       0x16 Drivers/STM32F1xx_HAL_Driver/Src/stm32f1xx_ll_usb.o
                0x0000000008004cf2                USB_EP0_OutStart
 .text.USB_WritePMA
                0x0000000008004d08       0x88 Drivers/STM32F1xx_HAL_Driver/Src/stm32f1xx_ll_usb.o
                0x0000000008004d08                USB_WritePMA
 .text.USB_ReadPMA
                0x0000000008004d90       0x9e Drivers/STM32F1xx_HAL_Driver/Src/stm32f1xx_ll_usb.o
                0x0000000008004d90                USB_ReadPMA
 .text.USBD_MSC_Init
                0x0000000008004e2e       0x94 Middlewares/ST/STM32_USB_Device_Library/Class/MSC/Src/usbd_msc.o
                0x0000000008004e2e                USBD_MSC_Init
 .text.USBD_MSC_DeInit
                0x0000000008004ec2       0x58 Middlewares/ST/STM32_USB_Device_Library/Class/MSC/Src/usbd_msc.o
                0x0000000008004ec2                USBD_MSC_DeInit
 *fill*         0x0000000008004f1a        0x2 
 .text.USBD_MSC_Setup
                0x0000000008004f1c      0x26c Middlewares/ST/STM32_USB_Device_Library/Class/MSC/Src/usbd_msc.o
                0x0000000008004f1c                USBD_MSC_Setup
 .text.USBD_MSC_DataIn
                0x0000000008005188       0x20 Middlewares/ST/STM32_USB_Device_Library/Class/MSC/Src/usbd_msc.o
                0x0000000008005188                USBD_MSC_DataIn
 .text.USBD_MSC_DataOut
                0x00000000080051a8       0x20 Middlewares/ST/STM32_USB_Device_Library/Class/MSC/Src/usbd_msc.o
                0x00000000080051a8                USBD_MSC_DataOut
 .text.USBD_MSC_GetHSCfgDesc
                0x00000000080051c8       0x20 Middlewares/ST/STM32_USB_Device_Library/Class/MSC/Src/usbd_msc.o
                0x00000000080051c8                USBD_MSC_GetHSCfgDesc
 .text.USBD_MSC_GetFSCfgDesc
                0x00000000080051e8       0x20 Middlewares/ST/STM32_USB_Device_Library/Class/MSC/Src/usbd_msc.o
                0x00000000080051e8                USBD_MSC_GetFSCfgDesc
 .text.USBD_MSC_GetOtherSpeedCfgDesc
                0x0000000008005208       0x20 Middlewares/ST/STM32_USB_Device_Library/Class/MSC/Src/usbd_msc.o
                0x0000000008005208                USBD_MSC_GetOtherSpeedCfgDesc
 .text.USBD_MSC_GetDeviceQualifierDescriptor
                0x0000000008005228       0x20 Middlewares/ST/STM32_USB_Device_Library/Class/MSC/Src/usbd_msc.o
                0x0000000008005228                USBD_MSC_GetDeviceQualifierDescriptor
 .text.USBD_MSC_RegisterStorage
                0x0000000008005248       0x24 Middlewares/ST/STM32_USB_Device_Library/Class/MSC/Src/usbd_msc.o
                0x0000000008005248                USBD_MSC_RegisterStorage
 .text.MSC_BOT_Init
                0x000000000800526c       0x60 Middlewares/ST/STM32_USB_Device_Library/Class/MSC/Src/usbd_msc_bot.o
                0x000000000800526c                MSC_BOT_Init
 .text.MSC_BOT_Reset
                0x00000000080052cc       0x34 Middlewares/ST/STM32_USB_Device_Library/Class/MSC/Src/usbd_msc_bot.o
                0x00000000080052cc                MSC_BOT_Reset
 .text.MSC_BOT_DeInit
                0x0000000008005300       0x20 Middlewares/ST/STM32_USB_Device_Library/Class/MSC/Src/usbd_msc_bot.o
                0x0000000008005300                MSC_BOT_DeInit
 .text.MSC_BOT_DataIn
                0x0000000008005320       0x62 Middlewares/ST/STM32_USB_Device_Library/Class/MSC/Src/usbd_msc_bot.o
                0x0000000008005320                MSC_BOT_DataIn
 .text.MSC_BOT_DataOut
                0x0000000008005382       0x56 Middlewares/ST/STM32_USB_Device_Library/Class/MSC/Src/usbd_msc_bot.o
                0x0000000008005382                MSC_BOT_DataOut
 .text.MSC_BOT_CBW_Decode
                0x00000000080053d8      0x10c Middlewares/ST/STM32_USB_Device_Library/Class/MSC/Src/usbd_msc_bot.o
 .text.MSC_BOT_SendData
                0x00000000080054e4       0x62 Middlewares/ST/STM32_USB_Device_Library/Class/MSC/Src/usbd_msc_bot.o
 *fill*         0x0000000008005546        0x2 
 .text.MSC_BOT_SendCSW
                0x0000000008005548       0x58 Middlewares/ST/STM32_USB_Device_Library/Class/MSC/Src/usbd_msc_bot.o
                0x0000000008005548                MSC_BOT_SendCSW
 .text.MSC_BOT_Abort
                0x00000000080055a0       0x5c Middlewares/ST/STM32_USB_Device_Library/Class/MSC/Src/usbd_msc_bot.o
 .text.MSC_BOT_CplClrFeature
                0x00000000080055fc       0x4e Middlewares/ST/STM32_USB_Device_Library/Class/MSC/Src/usbd_msc_bot.o
                0x00000000080055fc                MSC_BOT_CplClrFeature
 *fill*         0x000000000800564a        0x2 
 .text.SCSI_ProcessCmd
                0x000000000800564c      0x250 Middlewares/ST/STM32_USB_Device_Library/Class/MSC/Src/usbd_msc_scsi.o
                0x000000000800564c                SCSI_ProcessCmd
 .text.SCSI_TestUnitReady
                0x000000000800589c       0x72 Middlewares/ST/STM32_USB_Device_Library/Class/MSC/Src/usbd_msc_scsi.o
 *fill*         0x000000000800590e        0x2 
 .text.SCSI_Inquiry
                0x0000000008005910       0xbc Middlewares/ST/STM32_USB_Device_Library/Class/MSC/Src/usbd_msc_scsi.o
 .text.SCSI_ReadCapacity10
                0x00000000080059cc       0xce Middlewares/ST/STM32_USB_Device_Library/Class/MSC/Src/usbd_msc_scsi.o
 .text.SCSI_ReadFormatCapacity
                0x0000000008005a9a       0xc8 Middlewares/ST/STM32_USB_Device_Library/Class/MSC/Src/usbd_msc_scsi.o
 *fill*         0x0000000008005b62        0x2 
 .text.SCSI_ModeSense6
                0x0000000008005b64       0x50 Middlewares/ST/STM32_USB_Device_Library/Class/MSC/Src/usbd_msc_scsi.o
 .text.SCSI_ModeSense10
                0x0000000008005bb4       0x50 Middlewares/ST/STM32_USB_Device_Library/Class/MSC/Src/usbd_msc_scsi.o
 .text.SCSI_RequestSense
                0x0000000008005c04       0xd4 Middlewares/ST/STM32_USB_Device_Library/Class/MSC/Src/usbd_msc_scsi.o
 .text.SCSI_SenseCode
                0x0000000008005cd8       0x72 Middlewares/ST/STM32_USB_Device_Library/Class/MSC/Src/usbd_msc_scsi.o
                0x0000000008005cd8                SCSI_SenseCode
 .text.SCSI_StartStopUnit
                0x0000000008005d4a       0x28 Middlewares/ST/STM32_USB_Device_Library/Class/MSC/Src/usbd_msc_scsi.o
 .text.SCSI_Read10
                0x0000000008005d72      0x118 Middlewares/ST/STM32_USB_Device_Library/Class/MSC/Src/usbd_msc_scsi.o
 .text.SCSI_Write10
                0x0000000008005e8a      0x160 Middlewares/ST/STM32_USB_Device_Library/Class/MSC/Src/usbd_msc_scsi.o
 .text.SCSI_Verify10
                0x0000000008005fea       0x66 Middlewares/ST/STM32_USB_Device_Library/Class/MSC/Src/usbd_msc_scsi.o
 .text.SCSI_CheckAddressRange
                0x0000000008006050       0x44 Middlewares/ST/STM32_USB_Device_Library/Class/MSC/Src/usbd_msc_scsi.o
 .text.SCSI_ProcessRead
                0x0000000008006094       0xe8 Middlewares/ST/STM32_USB_Device_Library/Class/MSC/Src/usbd_msc_scsi.o
 .text.SCSI_ProcessWrite
                0x000000000800617c      0x108 Middlewares/ST/STM32_USB_Device_Library/Class/MSC/Src/usbd_msc_scsi.o
 .text.USBD_Init
                0x0000000008006284       0x56 Middlewares/ST/STM32_USB_Device_Library/Core/Src/usbd_core.o
                0x0000000008006284                USBD_Init
 .text.USBD_RegisterClass
                0x00000000080062da       0x32 Middlewares/ST/STM32_USB_Device_Library/Core/Src/usbd_core.o
                0x00000000080062da                USBD_RegisterClass
 .text.USBD_Start
                0x000000000800630c       0x18 Middlewares/ST/STM32_USB_Device_Library/Core/Src/usbd_core.o
                0x000000000800630c                USBD_Start
 .text.USBD_RunTestMode
                0x0000000008006324       0x14 Middlewares/ST/STM32_USB_Device_Library/Core/Src/usbd_core.o
                0x0000000008006324                USBD_RunTestMode
 .text.USBD_SetClassConfig
                0x0000000008006338       0x3e Middlewares/ST/STM32_USB_Device_Library/Core/Src/usbd_core.o
                0x0000000008006338                USBD_SetClassConfig
 .text.USBD_ClrClassConfig
                0x0000000008006376       0x26 Middlewares/ST/STM32_USB_Device_Library/Core/Src/usbd_core.o
                0x0000000008006376                USBD_ClrClassConfig
 .text.USBD_LL_SetupStage
                0x000000000800639c       0x96 Middlewares/ST/STM32_USB_Device_Library/Core/Src/usbd_core.o
                0x000000000800639c                USBD_LL_SetupStage
 .text.USBD_LL_DataOutStage
                0x0000000008006432       0xe2 Middlewares/ST/STM32_USB_Device_Library/Core/Src/usbd_core.o
                0x0000000008006432                USBD_LL_DataOutStage
 .text.USBD_LL_DataInStage
                0x0000000008006514      0x14a Middlewares/ST/STM32_USB_Device_Library/Core/Src/usbd_core.o
                0x0000000008006514                USBD_LL_DataInStage
 .text.USBD_LL_Reset
                0x000000000800665e       0x82 Middlewares/ST/STM32_USB_Device_Library/Core/Src/usbd_core.o
                0x000000000800665e                USBD_LL_Reset
 .text.USBD_LL_SetSpeed
                0x00000000080066e0       0x1e Middlewares/ST/STM32_USB_Device_Library/Core/Src/usbd_core.o
                0x00000000080066e0                USBD_LL_SetSpeed
 .text.USBD_LL_Suspend
                0x00000000080066fe       0x28 Middlewares/ST/STM32_USB_Device_Library/Core/Src/usbd_core.o
                0x00000000080066fe                USBD_LL_Suspend
 .text.USBD_LL_Resume
                0x0000000008006726       0x2a Middlewares/ST/STM32_USB_Device_Library/Core/Src/usbd_core.o
                0x0000000008006726                USBD_LL_Resume
 .text.USBD_LL_SOF
                0x0000000008006750       0x34 Middlewares/ST/STM32_USB_Device_Library/Core/Src/usbd_core.o
                0x0000000008006750                USBD_LL_SOF
 .text.USBD_StdDevReq
                0x0000000008006784       0xd4 Middlewares/ST/STM32_USB_Device_Library/Core/Src/usbd_ctlreq.o
                0x0000000008006784                USBD_StdDevReq
 .text.USBD_StdItfReq
                0x0000000008006858       0x8c Middlewares/ST/STM32_USB_Device_Library/Core/Src/usbd_ctlreq.o
                0x0000000008006858                USBD_StdItfReq
 .text.USBD_StdEPReq
                0x00000000080068e4      0x2ba Middlewares/ST/STM32_USB_Device_Library/Core/Src/usbd_ctlreq.o
                0x00000000080068e4                USBD_StdEPReq
 *fill*         0x0000000008006b9e        0x2 
 .text.USBD_GetDescriptor
                0x0000000008006ba0      0x2d0 Middlewares/ST/STM32_USB_Device_Library/Core/Src/usbd_ctlreq.o
 .text.USBD_SetAddress
                0x0000000008006e70       0x84 Middlewares/ST/STM32_USB_Device_Library/Core/Src/usbd_ctlreq.o
 .text.USBD_SetConfig
                0x0000000008006ef4      0x11c Middlewares/ST/STM32_USB_Device_Library/Core/Src/usbd_ctlreq.o
 .text.USBD_GetConfig
                0x0000000008007010       0x68 Middlewares/ST/STM32_USB_Device_Library/Core/Src/usbd_ctlreq.o
 .text.USBD_GetStatus
                0x0000000008007078       0x66 Middlewares/ST/STM32_USB_Device_Library/Core/Src/usbd_ctlreq.o
 .text.USBD_SetFeature
                0x00000000080070de       0x28 Middlewares/ST/STM32_USB_Device_Library/Core/Src/usbd_ctlreq.o
 .text.USBD_ClrFeature
                0x0000000008007106       0x42 Middlewares/ST/STM32_USB_Device_Library/Core/Src/usbd_ctlreq.o
 .text.USBD_ParseSetupRequest
                0x0000000008007148       0x78 Middlewares/ST/STM32_USB_Device_Library/Core/Src/usbd_ctlreq.o
                0x0000000008007148                USBD_ParseSetupRequest
 .text.USBD_CtlError
                0x00000000080071c0       0x22 Middlewares/ST/STM32_USB_Device_Library/Core/Src/usbd_ctlreq.o
                0x00000000080071c0                USBD_CtlError
 .text.USBD_GetString
                0x00000000080071e2       0x84 Middlewares/ST/STM32_USB_Device_Library/Core/Src/usbd_ctlreq.o
                0x00000000080071e2                USBD_GetString
 .text.USBD_GetLen
                0x0000000008007266       0x2e Middlewares/ST/STM32_USB_Device_Library/Core/Src/usbd_ctlreq.o
 .text.USBD_CtlSendData
                0x0000000008007294       0x38 Middlewares/ST/STM32_USB_Device_Library/Core/Src/usbd_ioreq.o
                0x0000000008007294                USBD_CtlSendData
 .text.USBD_CtlContinueSendData
                0x00000000080072cc       0x24 Middlewares/ST/STM32_USB_Device_Library/Core/Src/usbd_ioreq.o
                0x00000000080072cc                USBD_CtlContinueSendData
 .text.USBD_CtlContinueRx
                0x00000000080072f0       0x24 Middlewares/ST/STM32_USB_Device_Library/Core/Src/usbd_ioreq.o
                0x00000000080072f0                USBD_CtlContinueRx
 .text.USBD_CtlSendStatus
                0x0000000008007314       0x26 Middlewares/ST/STM32_USB_Device_Library/Core/Src/usbd_ioreq.o
                0x0000000008007314                USBD_CtlSendStatus
 .text.USBD_CtlReceiveStatus
                0x000000000800733a       0x26 Middlewares/ST/STM32_USB_Device_Library/Core/Src/usbd_ioreq.o
                0x000000000800733a                USBD_CtlReceiveStatus
 .text.MX_USB_DEVICE_Init
                0x0000000008007360       0x60 USB_DEVICE/App/usb_device.o
                0x0000000008007360                MX_USB_DEVICE_Init
 .text.USBD_FS_DeviceDescriptor
                0x00000000080073c0       0x24 USB_DEVICE/App/usbd_desc.o
                0x00000000080073c0                USBD_FS_DeviceDescriptor
 .text.USBD_FS_LangIDStrDescriptor
                0x00000000080073e4       0x24 USB_DEVICE/App/usbd_desc.o
                0x00000000080073e4                USBD_FS_LangIDStrDescriptor
 .text.USBD_FS_ProductStrDescriptor
                0x0000000008007408       0x3c USB_DEVICE/App/usbd_desc.o
                0x0000000008007408                USBD_FS_ProductStrDescriptor
 .text.USBD_FS_ManufacturerStrDescriptor
                0x0000000008007444       0x28 USB_DEVICE/App/usbd_desc.o
                0x0000000008007444                USBD_FS_ManufacturerStrDescriptor
 .text.USBD_FS_SerialStrDescriptor
                0x000000000800746c       0x24 USB_DEVICE/App/usbd_desc.o
                0x000000000800746c                USBD_FS_SerialStrDescriptor
 .text.USBD_FS_ConfigStrDescriptor
                0x0000000008007490       0x3c USB_DEVICE/App/usbd_desc.o
                0x0000000008007490                USBD_FS_ConfigStrDescriptor
 .text.USBD_FS_InterfaceStrDescriptor
                0x00000000080074cc       0x3c USB_DEVICE/App/usbd_desc.o
                0x00000000080074cc                USBD_FS_InterfaceStrDescriptor
 .text.Get_SerialNum
                0x0000000008007508       0x58 USB_DEVICE/App/usbd_desc.o
 .text.IntToUnicode
                0x0000000008007560       0x7a USB_DEVICE/App/usbd_desc.o
 .text.STORAGE_Init_FS
                0x00000000080075da       0x16 USB_DEVICE/App/usbd_storage_if.o
 .text.STORAGE_GetCapacity_FS
                0x00000000080075f0       0x28 USB_DEVICE/App/usbd_storage_if.o
 .text.STORAGE_IsReady_FS
                0x0000000008007618       0x16 USB_DEVICE/App/usbd_storage_if.o
 .text.STORAGE_IsWriteProtected_FS
                0x000000000800762e       0x16 USB_DEVICE/App/usbd_storage_if.o
 .text.STORAGE_Read_FS
                0x0000000008007644       0x38 USB_DEVICE/App/usbd_storage_if.o
 .text.STORAGE_Write_FS
                0x000000000800767c       0x38 USB_DEVICE/App/usbd_storage_if.o
 .text.STORAGE_GetMaxLun_FS
                0x00000000080076b4        0xe USB_DEVICE/App/usbd_storage_if.o
 *fill*         0x00000000080076c2        0x2 
 .text.HAL_PCD_MspInit
                0x00000000080076c4       0x4c USB_DEVICE/Target/usbd_conf.o
                0x00000000080076c4                HAL_PCD_MspInit
 .text.HAL_PCD_SetupStageCallback
                0x0000000008007710       0x24 USB_DEVICE/Target/usbd_conf.o
                0x0000000008007710                HAL_PCD_SetupStageCallback
 .text.HAL_PCD_DataOutStageCallback
                0x0000000008007734       0x36 USB_DEVICE/Target/usbd_conf.o
                0x0000000008007734                HAL_PCD_DataOutStageCallback
 .text.HAL_PCD_DataInStageCallback
                0x000000000800776a       0x34 USB_DEVICE/Target/usbd_conf.o
                0x000000000800776a                HAL_PCD_DataInStageCallback
 .text.HAL_PCD_SOFCallback
                0x000000000800779e       0x1c USB_DEVICE/Target/usbd_conf.o
                0x000000000800779e                HAL_PCD_SOFCallback
 .text.HAL_PCD_ResetCallback
                0x00000000080077ba       0x3c USB_DEVICE/Target/usbd_conf.o
                0x00000000080077ba                HAL_PCD_ResetCallback
 *fill*         0x00000000080077f6        0x2 
 .text.HAL_PCD_SuspendCallback
                0x00000000080077f8       0x34 USB_DEVICE/Target/usbd_conf.o
                0x00000000080077f8                HAL_PCD_SuspendCallback
 .text.HAL_PCD_ResumeCallback
                0x000000000800782c       0x1c USB_DEVICE/Target/usbd_conf.o
                0x000000000800782c                HAL_PCD_ResumeCallback
 .text.USBD_LL_Init
                0x0000000008007848       0xa0 USB_DEVICE/Target/usbd_conf.o
                0x0000000008007848                USBD_LL_Init
 .text.USBD_LL_Start
                0x00000000080078e8       0x36 USB_DEVICE/Target/usbd_conf.o
                0x00000000080078e8                USBD_LL_Start
 .text.USBD_LL_OpenEP
                0x000000000800791e       0x4c USB_DEVICE/Target/usbd_conf.o
                0x000000000800791e                USBD_LL_OpenEP
 .text.USBD_LL_CloseEP
                0x000000000800796a       0x3e USB_DEVICE/Target/usbd_conf.o
                0x000000000800796a                USBD_LL_CloseEP
 .text.USBD_LL_FlushEP
                0x00000000080079a8       0x3e USB_DEVICE/Target/usbd_conf.o
                0x00000000080079a8                USBD_LL_FlushEP
 .text.USBD_LL_StallEP
                0x00000000080079e6       0x3e USB_DEVICE/Target/usbd_conf.o
                0x00000000080079e6                USBD_LL_StallEP
 .text.USBD_LL_ClearStallEP
                0x0000000008007a24       0x3e USB_DEVICE/Target/usbd_conf.o
                0x0000000008007a24                USBD_LL_ClearStallEP
 .text.USBD_LL_IsStallEP
                0x0000000008007a62       0x58 USB_DEVICE/Target/usbd_conf.o
                0x0000000008007a62                USBD_LL_IsStallEP
 .text.USBD_LL_SetUSBAddress
                0x0000000008007aba       0x3e USB_DEVICE/Target/usbd_conf.o
                0x0000000008007aba                USBD_LL_SetUSBAddress
 .text.USBD_LL_Transmit
                0x0000000008007af8       0x46 USB_DEVICE/Target/usbd_conf.o
                0x0000000008007af8                USBD_LL_Transmit
 .text.USBD_LL_PrepareReceive
                0x0000000008007b3e       0x46 USB_DEVICE/Target/usbd_conf.o
                0x0000000008007b3e                USBD_LL_PrepareReceive
 .text.USBD_LL_GetRxDataSize
                0x0000000008007b84       0x26 USB_DEVICE/Target/usbd_conf.o
                0x0000000008007b84                USBD_LL_GetRxDataSize
 *fill*         0x0000000008007baa        0x2 
 .text.USBD_static_malloc
                0x0000000008007bac       0x18 USB_DEVICE/Target/usbd_conf.o
                0x0000000008007bac                USBD_static_malloc
 .text.USBD_static_free
                0x0000000008007bc4       0x12 USB_DEVICE/Target/usbd_conf.o
                0x0000000008007bc4                USBD_static_free
 .text.HAL_PCDEx_SetConnectionState
                0x0000000008007bd6       0x16 USB_DEVICE/Target/usbd_conf.o
                0x0000000008007bd6                HAL_PCDEx_SetConnectionState
 .text.USBD_Get_USB_Status
                0x0000000008007bec       0x58 USB_DEVICE/Target/usbd_conf.o
 .text.__libc_init_array
                0x0000000008007c44       0x48 c:/st/stm32cubeide_1.5.1/stm32cubeide/plugins/com.st.stm32cube.ide.mcu.externaltools.gnu-tools-for-stm32.7-2018-q2-update.win32_1.5.0.202011040924/tools/bin/../lib/gcc/arm-none-eabi/7.3.1/../../../../arm-none-eabi/lib/thumb/v7-m\libc_nano.a(lib_a-init.o)
                0x0000000008007c44                __libc_init_array
 .text.memcpy   0x0000000008007c8c       0x16 c:/st/stm32cubeide_1.5.1/stm32cubeide/plugins/com.st.stm32cube.ide.mcu.externaltools.gnu-tools-for-stm32.7-2018-q2-update.win32_1.5.0.202011040924/tools/bin/../lib/gcc/arm-none-eabi/7.3.1/../../../../arm-none-eabi/lib/thumb/v7-m\libc_nano.a(lib_a-memcpy-stub.o)
                0x0000000008007c8c                memcpy
 .text.memset   0x0000000008007ca2       0x10 c:/st/stm32cubeide_1.5.1/stm32cubeide/plugins/com.st.stm32cube.ide.mcu.externaltools.gnu-tools-for-stm32.7-2018-q2-update.win32_1.5.0.202011040924/tools/bin/../lib/gcc/arm-none-eabi/7.3.1/../../../../arm-none-eabi/lib/thumb/v7-m\libc_nano.a(lib_a-memset.o)
                0x0000000008007ca2                memset
 *(.glue_7)
 .glue_7        0x0000000008007cb2        0x0 linker stubs
 *(.glue_7t)
 .glue_7t       0x0000000008007cb2        0x0 linker stubs
 *(.eh_frame)
 *fill*         0x0000000008007cb2        0x2 
 .eh_frame      0x0000000008007cb4        0x0 c:/st/stm32cubeide_1.5.1/stm32cubeide/plugins/com.st.stm32cube.ide.mcu.externaltools.gnu-tools-for-stm32.7-2018-q2-update.win32_1.5.0.202011040924/tools/bin/../lib/gcc/arm-none-eabi/7.3.1/thumb/v7-m/crtbegin.o
 *(.init)
 .init          0x0000000008007cb4        0x4 c:/st/stm32cubeide_1.5.1/stm32cubeide/plugins/com.st.stm32cube.ide.mcu.externaltools.gnu-tools-for-stm32.7-2018-q2-update.win32_1.5.0.202011040924/tools/bin/../lib/gcc/arm-none-eabi/7.3.1/thumb/v7-m/crti.o
                0x0000000008007cb4                _init
 .init          0x0000000008007cb8        0x8 c:/st/stm32cubeide_1.5.1/stm32cubeide/plugins/com.st.stm32cube.ide.mcu.externaltools.gnu-tools-for-stm32.7-2018-q2-update.win32_1.5.0.202011040924/tools/bin/../lib/gcc/arm-none-eabi/7.3.1/thumb/v7-m/crtn.o
 *(.fini)
 .fini          0x0000000008007cc0        0x4 c:/st/stm32cubeide_1.5.1/stm32cubeide/plugins/com.st.stm32cube.ide.mcu.externaltools.gnu-tools-for-stm32.7-2018-q2-update.win32_1.5.0.202011040924/tools/bin/../lib/gcc/arm-none-eabi/7.3.1/thumb/v7-m/crti.o
                0x0000000008007cc0                _fini
 .fini          0x0000000008007cc4        0x8 c:/st/stm32cubeide_1.5.1/stm32cubeide/plugins/com.st.stm32cube.ide.mcu.externaltools.gnu-tools-for-stm32.7-2018-q2-update.win32_1.5.0.202011040924/tools/bin/../lib/gcc/arm-none-eabi/7.3.1/thumb/v7-m/crtn.o
                0x0000000008007ccc                . = ALIGN (0x4)
                0x0000000008007ccc                _etext = .

.vfp11_veneer   0x0000000008007ccc        0x0
 .vfp11_veneer  0x0000000008007ccc        0x0 linker stubs

.v4_bx          0x0000000008007ccc        0x0
 .v4_bx         0x0000000008007ccc        0x0 linker stubs

.iplt           0x0000000008007ccc        0x0
 .iplt          0x0000000008007ccc        0x0 c:/st/stm32cubeide_1.5.1/stm32cubeide/plugins/com.st.stm32cube.ide.mcu.externaltools.gnu-tools-for-stm32.7-2018-q2-update.win32_1.5.0.202011040924/tools/bin/../lib/gcc/arm-none-eabi/7.3.1/thumb/v7-m/crtbegin.o

.rodata         0x0000000008007ccc       0xc0
                0x0000000008007ccc                . = ALIGN (0x4)
 *(.rodata)
 .rodata        0x0000000008007ccc       0x12 Drivers/STM32F1xx_HAL_Driver/Src/stm32f1xx_hal_rcc.o
 *fill*         0x0000000008007cde        0x2 
 .rodata        0x0000000008007ce0       0x12 Drivers/STM32F1xx_HAL_Driver/Src/stm32f1xx_hal_rcc_ex.o
 *fill*         0x0000000008007cf2        0x2 
 .rodata        0x0000000008007cf4       0x42 USB_DEVICE/App/usbd_desc.o
 *(.rodata*)
 *fill*         0x0000000008007d36        0x2 
 .rodata.AHBPrescTable
                0x0000000008007d38       0x10 Core/Src/system_stm32f1xx.o
                0x0000000008007d38                AHBPrescTable
 .rodata.APBPrescTable
                0x0000000008007d48        0x8 Core/Src/system_stm32f1xx.o
                0x0000000008007d48                APBPrescTable
 .rodata.MSC_Page00_Inquiry_Data
                0x0000000008007d50        0x7 Middlewares/ST/STM32_USB_Device_Library/Class/MSC/Src/usbd_msc_data.o
                0x0000000008007d50                MSC_Page00_Inquiry_Data
 *fill*         0x0000000008007d57        0x1 
 .rodata.MSC_Mode_Sense6_data
                0x0000000008007d58        0x8 Middlewares/ST/STM32_USB_Device_Library/Class/MSC/Src/usbd_msc_data.o
                0x0000000008007d58                MSC_Mode_Sense6_data
 .rodata.MSC_Mode_Sense10_data
                0x0000000008007d60        0x8 Middlewares/ST/STM32_USB_Device_Library/Class/MSC/Src/usbd_msc_data.o
                0x0000000008007d60                MSC_Mode_Sense10_data
 .rodata.STORAGE_Inquirydata_FS
                0x0000000008007d68       0x24 USB_DEVICE/App/usbd_storage_if.o
                0x0000000008007d68                STORAGE_Inquirydata_FS
                0x0000000008007d8c                . = ALIGN (0x4)

.rel.dyn        0x0000000008007d8c        0x0
 .rel.iplt      0x0000000008007d8c        0x0 c:/st/stm32cubeide_1.5.1/stm32cubeide/plugins/com.st.stm32cube.ide.mcu.externaltools.gnu-tools-for-stm32.7-2018-q2-update.win32_1.5.0.202011040924/tools/bin/../lib/gcc/arm-none-eabi/7.3.1/thumb/v7-m/crtbegin.o

.ARM.extab      0x0000000008007d8c        0x0
                0x0000000008007d8c                . = ALIGN (0x4)
 *(.ARM.extab* .gnu.linkonce.armextab.*)
                0x0000000008007d8c                . = ALIGN (0x4)

.ARM            0x0000000008007d8c        0x0
                0x0000000008007d8c                . = ALIGN (0x4)
                0x0000000008007d8c                __exidx_start = .
 *(.ARM.exidx*)
                0x0000000008007d8c                __exidx_end = .
                0x0000000008007d8c                . = ALIGN (0x4)

.preinit_array  0x0000000008007d8c        0x0
                0x0000000008007d8c                . = ALIGN (0x4)
                0x0000000008007d8c                PROVIDE (__preinit_array_start = .)
 *(.preinit_array*)
                0x0000000008007d8c                PROVIDE (__preinit_array_end = .)
                0x0000000008007d8c                . = ALIGN (0x4)

.init_array     0x0000000008007d8c        0x4
                0x0000000008007d8c                . = ALIGN (0x4)
                0x0000000008007d8c                PROVIDE (__init_array_start = .)
 *(SORT_BY_NAME(.init_array.*))
 *(.init_array*)
 .init_array    0x0000000008007d8c        0x4 c:/st/stm32cubeide_1.5.1/stm32cubeide/plugins/com.st.stm32cube.ide.mcu.externaltools.gnu-tools-for-stm32.7-2018-q2-update.win32_1.5.0.202011040924/tools/bin/../lib/gcc/arm-none-eabi/7.3.1/thumb/v7-m/crtbegin.o
                0x0000000008007d90                PROVIDE (__init_array_end = .)
                0x0000000008007d90                . = ALIGN (0x4)

.fini_array     0x0000000008007d90        0x4
                0x0000000008007d90                . = ALIGN (0x4)
                [!provide]                        PROVIDE (__fini_array_start = .)
 *(SORT_BY_NAME(.fini_array.*))
 *(.fini_array*)
 .fini_array    0x0000000008007d90        0x4 c:/st/stm32cubeide_1.5.1/stm32cubeide/plugins/com.st.stm32cube.ide.mcu.externaltools.gnu-tools-for-stm32.7-2018-q2-update.win32_1.5.0.202011040924/tools/bin/../lib/gcc/arm-none-eabi/7.3.1/thumb/v7-m/crtbegin.o
                [!provide]                        PROVIDE (__fini_array_end = .)
                0x0000000008007d94                . = ALIGN (0x4)
                0x0000000008007d94                _sidata = LOADADDR (.data)

.data           0x0000000020000000      0x120 load address 0x0000000008007d94
                0x0000000020000000                . = ALIGN (0x4)
                0x0000000020000000                _sdata = .
 *(.data)
 *(.data*)
 .data.SystemCoreClock
                0x0000000020000000        0x4 Core/Src/system_stm32f1xx.o
                0x0000000020000000                SystemCoreClock
 .data.uwTickPrio
                0x0000000020000004        0x4 Drivers/STM32F1xx_HAL_Driver/Src/stm32f1xx_hal.o
                0x0000000020000004                uwTickPrio
 .data.uwTickFreq
                0x0000000020000008        0x1 Drivers/STM32F1xx_HAL_Driver/Src/stm32f1xx_hal.o
                0x0000000020000008                uwTickFreq
 *fill*         0x0000000020000009        0x3 
 .data.USBD_MSC
                0x000000002000000c       0x38 Middlewares/ST/STM32_USB_Device_Library/Class/MSC/Src/usbd_msc.o
                0x000000002000000c                USBD_MSC
 .data.USBD_MSC_CfgHSDesc
                0x0000000020000044       0x20 Middlewares/ST/STM32_USB_Device_Library/Class/MSC/Src/usbd_msc.o
                0x0000000020000044                USBD_MSC_CfgHSDesc
 .data.USBD_MSC_CfgFSDesc
                0x0000000020000064       0x20 Middlewares/ST/STM32_USB_Device_Library/Class/MSC/Src/usbd_msc.o
                0x0000000020000064                USBD_MSC_CfgFSDesc
 .data.USBD_MSC_OtherSpeedCfgDesc
                0x0000000020000084       0x20 Middlewares/ST/STM32_USB_Device_Library/Class/MSC/Src/usbd_msc.o
                0x0000000020000084                USBD_MSC_OtherSpeedCfgDesc
 .data.USBD_MSC_DeviceQualifierDesc
                0x00000000200000a4        0xa Middlewares/ST/STM32_USB_Device_Library/Class/MSC/Src/usbd_msc.o
                0x00000000200000a4                USBD_MSC_DeviceQualifierDesc
 *fill*         0x00000000200000ae        0x2 
 .data.FS_Desc  0x00000000200000b0       0x1c USB_DEVICE/App/usbd_desc.o
                0x00000000200000b0                FS_Desc
 .data.USBD_FS_DeviceDesc
                0x00000000200000cc       0x12 USB_DEVICE/App/usbd_desc.o
                0x00000000200000cc                USBD_FS_DeviceDesc
 *fill*         0x00000000200000de        0x2 
 .data.USBD_LangIDDesc
                0x00000000200000e0        0x4 USB_DEVICE/App/usbd_desc.o
                0x00000000200000e0                USBD_LangIDDesc
 .data.USBD_StringSerial
                0x00000000200000e4       0x1a USB_DEVICE/App/usbd_desc.o
                0x00000000200000e4                USBD_StringSerial
 *fill*         0x00000000200000fe        0x2 
 .data.USBD_Storage_Interface_fops_FS
                0x0000000020000100       0x20 USB_DEVICE/App/usbd_storage_if.o
                0x0000000020000100                USBD_Storage_Interface_fops_FS
 *(.RamFunc)
 *(.RamFunc*)
                0x0000000020000120                . = ALIGN (0x4)
                0x0000000020000120                _edata = .

.igot.plt       0x0000000020000120        0x0 load address 0x0000000008007eb4
 .igot.plt      0x0000000020000120        0x0 c:/st/stm32cubeide_1.5.1/stm32cubeide/plugins/com.st.stm32cube.ide.mcu.externaltools.gnu-tools-for-stm32.7-2018-q2-update.win32_1.5.0.202011040924/tools/bin/../lib/gcc/arm-none-eabi/7.3.1/thumb/v7-m/crtbegin.o
                0x0000000020000120                . = ALIGN (0x4)

.bss            0x0000000020000120     0x6e58 load address 0x0000000008007eb4
                0x0000000020000120                _sbss = .
                0x0000000020000120                __bss_start__ = _sbss
 *(.bss)
 .bss           0x0000000020000120       0x1c c:/st/stm32cubeide_1.5.1/stm32cubeide/plugins/com.st.stm32cube.ide.mcu.externaltools.gnu-tools-for-stm32.7-2018-q2-update.win32_1.5.0.202011040924/tools/bin/../lib/gcc/arm-none-eabi/7.3.1/thumb/v7-m/crtbegin.o
 *(.bss*)
 .bss.cfgidx.7874
                0x000000002000013c        0x1 Middlewares/ST/STM32_USB_Device_Library/Core/Src/usbd_ctlreq.o
 *fill*         0x000000002000013d        0x3 
 .bss.mem.8006  0x0000000020000140      0x270 USB_DEVICE/Target/usbd_conf.o
 *(COMMON)
 COMMON         0x00000000200003b0       0x14 Core/Src/main.o
                0x00000000200003b0                hrtc
 COMMON         0x00000000200003c4        0x4 Drivers/STM32F1xx_HAL_Driver/Src/stm32f1xx_hal.o
                0x00000000200003c4                uwTick
 COMMON         0x00000000200003c8      0x2c4 USB_DEVICE/App/usb_device.o
                0x00000000200003c8                hUsbDeviceFS
 COMMON         0x000000002000068c      0x200 USB_DEVICE/App/usbd_desc.o
                0x000000002000068c                USBD_StrDesc
 COMMON         0x000000002000088c     0x6400 USB_DEVICE/App/usbd_storage_if.o
                0x000000002000088c                buffer
 COMMON         0x0000000020006c8c      0x2ec USB_DEVICE/Target/usbd_conf.o
                0x0000000020006c8c                hpcd_USB_FS
                0x0000000020006f78                . = ALIGN (0x4)
                0x0000000020006f78                _ebss = .
                0x0000000020006f78                __bss_end__ = _ebss

._user_heap_stack
                0x0000000020006f78      0x600 load address 0x0000000008007eb4
                0x0000000020006f78                . = ALIGN (0x8)
                [!provide]                        PROVIDE (end = .)
                0x0000000020006f78                PROVIDE (_end = .)
                0x0000000020007178                . = (. + _Min_Heap_Size)
 *fill*         0x0000000020006f78      0x200 
                0x0000000020007578                . = (. + _Min_Stack_Size)
 *fill*         0x0000000020007178      0x400 
                0x0000000020007578                . = ALIGN (0x8)

/DISCARD/
 libc.a(*)
 libm.a(*)
 libgcc.a(*)

.ARM.attributes
                0x0000000000000000       0x29
 *(.ARM.attributes)
 .ARM.attributes
                0x0000000000000000       0x1d c:/st/stm32cubeide_1.5.1/stm32cubeide/plugins/com.st.stm32cube.ide.mcu.externaltools.gnu-tools-for-stm32.7-2018-q2-update.win32_1.5.0.202011040924/tools/bin/../lib/gcc/arm-none-eabi/7.3.1/thumb/v7-m/crti.o
 .ARM.attributes
                0x000000000000001d       0x2d c:/st/stm32cubeide_1.5.1/stm32cubeide/plugins/com.st.stm32cube.ide.mcu.externaltools.gnu-tools-for-stm32.7-2018-q2-update.win32_1.5.0.202011040924/tools/bin/../lib/gcc/arm-none-eabi/7.3.1/thumb/v7-m/crtbegin.o
 .ARM.attributes
                0x000000000000004a       0x33 Core/Src/main.o
 .ARM.attributes
                0x000000000000007d       0x33 Core/Src/stm32f1xx_hal_msp.o
 .ARM.attributes
                0x00000000000000b0       0x33 Core/Src/stm32f1xx_it.o
 .ARM.attributes
                0x00000000000000e3       0x33 Core/Src/system_stm32f1xx.o
 .ARM.attributes
                0x0000000000000116       0x21 Core/Startup/startup_stm32f103zetx.o
 .ARM.attributes
                0x0000000000000137       0x33 Drivers/STM32F1xx_HAL_Driver/Src/stm32f1xx_hal.o
 .ARM.attributes
                0x000000000000016a       0x33 Drivers/STM32F1xx_HAL_Driver/Src/stm32f1xx_hal_cortex.o
 .ARM.attributes
                0x000000000000019d       0x33 Drivers/STM32F1xx_HAL_Driver/Src/stm32f1xx_hal_pcd.o
 .ARM.attributes
                0x00000000000001d0       0x33 Drivers/STM32F1xx_HAL_Driver/Src/stm32f1xx_hal_pcd_ex.o
 .ARM.attributes
                0x0000000000000203       0x33 Drivers/STM32F1xx_HAL_Driver/Src/stm32f1xx_hal_pwr.o
 .ARM.attributes
                0x0000000000000236       0x33 Drivers/STM32F1xx_HAL_Driver/Src/stm32f1xx_hal_rcc.o
 .ARM.attributes
                0x0000000000000269       0x33 Drivers/STM32F1xx_HAL_Driver/Src/stm32f1xx_hal_rcc_ex.o
 .ARM.attributes
                0x000000000000029c       0x33 Drivers/STM32F1xx_HAL_Driver/Src/stm32f1xx_hal_rtc.o
 .ARM.attributes
                0x00000000000002cf       0x33 Drivers/STM32F1xx_HAL_Driver/Src/stm32f1xx_ll_usb.o
 .ARM.attributes
                0x0000000000000302       0x33 Middlewares/ST/STM32_USB_Device_Library/Class/MSC/Src/usbd_msc.o
 .ARM.attributes
                0x0000000000000335       0x33 Middlewares/ST/STM32_USB_Device_Library/Class/MSC/Src/usbd_msc_bot.o
 .ARM.attributes
                0x0000000000000368       0x33 Middlewares/ST/STM32_USB_Device_Library/Class/MSC/Src/usbd_msc_data.o
 .ARM.attributes
                0x000000000000039b       0x33 Middlewares/ST/STM32_USB_Device_Library/Class/MSC/Src/usbd_msc_scsi.o
 .ARM.attributes
                0x00000000000003ce       0x33 Middlewares/ST/STM32_USB_Device_Library/Core/Src/usbd_core.o
 .ARM.attributes
                0x0000000000000401       0x33 Middlewares/ST/STM32_USB_Device_Library/Core/Src/usbd_ctlreq.o
 .ARM.attributes
                0x0000000000000434       0x33 Middlewares/ST/STM32_USB_Device_Library/Core/Src/usbd_ioreq.o
 .ARM.attributes
                0x0000000000000467       0x33 USB_DEVICE/App/usb_device.o
 .ARM.attributes
                0x000000000000049a       0x33 USB_DEVICE/App/usbd_desc.o
 .ARM.attributes
                0x00000000000004cd       0x33 USB_DEVICE/App/usbd_storage_if.o
 .ARM.attributes
                0x0000000000000500       0x33 USB_DEVICE/Target/usbd_conf.o
 .ARM.attributes
                0x0000000000000533       0x2d c:/st/stm32cubeide_1.5.1/stm32cubeide/plugins/com.st.stm32cube.ide.mcu.externaltools.gnu-tools-for-stm32.7-2018-q2-update.win32_1.5.0.202011040924/tools/bin/../lib/gcc/arm-none-eabi/7.3.1/../../../../arm-none-eabi/lib/thumb/v7-m\libc_nano.a(lib_a-init.o)
 .ARM.attributes
                0x0000000000000560       0x2d c:/st/stm32cubeide_1.5.1/stm32cubeide/plugins/com.st.stm32cube.ide.mcu.externaltools.gnu-tools-for-stm32.7-2018-q2-update.win32_1.5.0.202011040924/tools/bin/../lib/gcc/arm-none-eabi/7.3.1/../../../../arm-none-eabi/lib/thumb/v7-m\libc_nano.a(lib_a-memcpy-stub.o)
 .ARM.attributes
                0x000000000000058d       0x2d c:/st/stm32cubeide_1.5.1/stm32cubeide/plugins/com.st.stm32cube.ide.mcu.externaltools.gnu-tools-for-stm32.7-2018-q2-update.win32_1.5.0.202011040924/tools/bin/../lib/gcc/arm-none-eabi/7.3.1/../../../../arm-none-eabi/lib/thumb/v7-m\libc_nano.a(lib_a-memset.o)
 .ARM.attributes
                0x00000000000005ba       0x1d c:/st/stm32cubeide_1.5.1/stm32cubeide/plugins/com.st.stm32cube.ide.mcu.externaltools.gnu-tools-for-stm32.7-2018-q2-update.win32_1.5.0.202011040924/tools/bin/../lib/gcc/arm-none-eabi/7.3.1/thumb/v7-m/crtn.o
OUTPUT(daeun0125.elf elf32-littlearm)

.debug_info     0x0000000000000000    0x14a54
 .debug_info    0x0000000000000000      0xe40 Core/Src/main.o
 .debug_info    0x0000000000000e40      0x515 Core/Src/stm32f1xx_hal_msp.o
 .debug_info    0x0000000000001355      0x6a6 Core/Src/stm32f1xx_it.o
 .debug_info    0x00000000000019fb      0x29a Core/Src/system_stm32f1xx.o
 .debug_info    0x0000000000001c95       0x22 Core/Startup/startup_stm32f103zetx.o
 .debug_info    0x0000000000001cb7      0x77a Drivers/STM32F1xx_HAL_Driver/Src/stm32f1xx_hal.o
 .debug_info    0x0000000000002431      0xbb7 Drivers/STM32F1xx_HAL_Driver/Src/stm32f1xx_hal_cortex.o
 .debug_info    0x0000000000002fe8     0x122f Drivers/STM32F1xx_HAL_Driver/Src/stm32f1xx_hal_pcd.o
 .debug_info    0x0000000000004217      0x785 Drivers/STM32F1xx_HAL_Driver/Src/stm32f1xx_hal_pcd_ex.o
 .debug_info    0x000000000000499c      0x6e2 Drivers/STM32F1xx_HAL_Driver/Src/stm32f1xx_hal_pwr.o
 .debug_info    0x000000000000507e      0x80f Drivers/STM32F1xx_HAL_Driver/Src/stm32f1xx_hal_rcc.o
 .debug_info    0x000000000000588d      0x45e Drivers/STM32F1xx_HAL_Driver/Src/stm32f1xx_hal_rcc_ex.o
 .debug_info    0x0000000000005ceb      0xecb Drivers/STM32F1xx_HAL_Driver/Src/stm32f1xx_hal_rtc.o
 .debug_info    0x0000000000006bb6     0x17e7 Drivers/STM32F1xx_HAL_Driver/Src/stm32f1xx_ll_usb.o
 .debug_info    0x000000000000839d     0x13fa Middlewares/ST/STM32_USB_Device_Library/Class/MSC/Src/usbd_msc.o
 .debug_info    0x0000000000009797     0x139b Middlewares/ST/STM32_USB_Device_Library/Class/MSC/Src/usbd_msc_bot.o
 .debug_info    0x000000000000ab32      0x9de Middlewares/ST/STM32_USB_Device_Library/Class/MSC/Src/usbd_msc_data.o
 .debug_info    0x000000000000b510     0x1753 Middlewares/ST/STM32_USB_Device_Library/Class/MSC/Src/usbd_msc_scsi.o
 .debug_info    0x000000000000cc63     0x11d2 Middlewares/ST/STM32_USB_Device_Library/Core/Src/usbd_core.o
 .debug_info    0x000000000000de35     0x1142 Middlewares/ST/STM32_USB_Device_Library/Core/Src/usbd_ctlreq.o
 .debug_info    0x000000000000ef77      0xf33 Middlewares/ST/STM32_USB_Device_Library/Core/Src/usbd_ioreq.o
 .debug_info    0x000000000000feaa      0xf33 USB_DEVICE/App/usb_device.o
 .debug_info    0x0000000000010ddd      0xd17 USB_DEVICE/App/usbd_desc.o
 .debug_info    0x0000000000011af4     0x10dd USB_DEVICE/App/usbd_storage_if.o
 .debug_info    0x0000000000012bd1     0x1e83 USB_DEVICE/Target/usbd_conf.o

.debug_abbrev   0x0000000000000000     0x3264
 .debug_abbrev  0x0000000000000000      0x24d Core/Src/main.o
 .debug_abbrev  0x000000000000024d      0x171 Core/Src/stm32f1xx_hal_msp.o
 .debug_abbrev  0x00000000000003be      0x155 Core/Src/stm32f1xx_it.o
 .debug_abbrev  0x0000000000000513      0x134 Core/Src/system_stm32f1xx.o
 .debug_abbrev  0x0000000000000647       0x12 Core/Startup/startup_stm32f103zetx.o
 .debug_abbrev  0x0000000000000659      0x1c7 Drivers/STM32F1xx_HAL_Driver/Src/stm32f1xx_hal.o
 .debug_abbrev  0x0000000000000820      0x2d5 Drivers/STM32F1xx_HAL_Driver/Src/stm32f1xx_hal_cortex.o
 .debug_abbrev  0x0000000000000af5      0x268 Drivers/STM32F1xx_HAL_Driver/Src/stm32f1xx_hal_pcd.o
 .debug_abbrev  0x0000000000000d5d      0x188 Drivers/STM32F1xx_HAL_Driver/Src/stm32f1xx_hal_pcd_ex.o
 .debug_abbrev  0x0000000000000ee5      0x1f2 Drivers/STM32F1xx_HAL_Driver/Src/stm32f1xx_hal_pwr.o
 .debug_abbrev  0x00000000000010d7      0x243 Drivers/STM32F1xx_HAL_Driver/Src/stm32f1xx_hal_rcc.o
 .debug_abbrev  0x000000000000131a      0x175 Drivers/STM32F1xx_HAL_Driver/Src/stm32f1xx_hal_rcc_ex.o
 .debug_abbrev  0x000000000000148f      0x20a Drivers/STM32F1xx_HAL_Driver/Src/stm32f1xx_hal_rtc.o
 .debug_abbrev  0x0000000000001699      0x1d2 Drivers/STM32F1xx_HAL_Driver/Src/stm32f1xx_ll_usb.o
 .debug_abbrev  0x000000000000186b      0x27b Middlewares/ST/STM32_USB_Device_Library/Class/MSC/Src/usbd_msc.o
 .debug_abbrev  0x0000000000001ae6      0x2ad Middlewares/ST/STM32_USB_Device_Library/Class/MSC/Src/usbd_msc_bot.o
 .debug_abbrev  0x0000000000001d93      0x18b Middlewares/ST/STM32_USB_Device_Library/Class/MSC/Src/usbd_msc_data.o
 .debug_abbrev  0x0000000000001f1e      0x2e0 Middlewares/ST/STM32_USB_Device_Library/Class/MSC/Src/usbd_msc_scsi.o
 .debug_abbrev  0x00000000000021fe      0x270 Middlewares/ST/STM32_USB_Device_Library/Core/Src/usbd_core.o
 .debug_abbrev  0x000000000000246e      0x2a0 Middlewares/ST/STM32_USB_Device_Library/Core/Src/usbd_ctlreq.o
 .debug_abbrev  0x000000000000270e      0x1e0 Middlewares/ST/STM32_USB_Device_Library/Core/Src/usbd_ioreq.o
 .debug_abbrev  0x00000000000028ee      0x1c3 USB_DEVICE/App/usb_device.o
 .debug_abbrev  0x0000000000002ab1      0x290 USB_DEVICE/App/usbd_desc.o
 .debug_abbrev  0x0000000000002d41      0x243 USB_DEVICE/App/usbd_storage_if.o
 .debug_abbrev  0x0000000000002f84      0x2e0 USB_DEVICE/Target/usbd_conf.o

.debug_aranges  0x0000000000000000      0xcc0
 .debug_aranges
                0x0000000000000000       0x40 Core/Src/main.o
 .debug_aranges
                0x0000000000000040       0x30 Core/Src/stm32f1xx_hal_msp.o
 .debug_aranges
                0x0000000000000070       0x68 Core/Src/stm32f1xx_it.o
 .debug_aranges
                0x00000000000000d8       0x28 Core/Src/system_stm32f1xx.o
 .debug_aranges
                0x0000000000000100       0x28 Core/Startup/startup_stm32f103zetx.o
 .debug_aranges
                0x0000000000000128       0xe0 Drivers/STM32F1xx_HAL_Driver/Src/stm32f1xx_hal.o
 .debug_aranges
                0x0000000000000208      0x100 Drivers/STM32F1xx_HAL_Driver/Src/stm32f1xx_hal_cortex.o
 .debug_aranges
                0x0000000000000308      0x138 Drivers/STM32F1xx_HAL_Driver/Src/stm32f1xx_hal_pcd.o
 .debug_aranges
                0x0000000000000440       0x38 Drivers/STM32F1xx_HAL_Driver/Src/stm32f1xx_hal_pcd_ex.o
 .debug_aranges
                0x0000000000000478       0xa8 Drivers/STM32F1xx_HAL_Driver/Src/stm32f1xx_hal_pwr.o
 .debug_aranges
                0x0000000000000520       0x90 Drivers/STM32F1xx_HAL_Driver/Src/stm32f1xx_hal_rcc.o
 .debug_aranges
                0x00000000000005b0       0x30 Drivers/STM32F1xx_HAL_Driver/Src/stm32f1xx_hal_rcc_ex.o
 .debug_aranges
                0x00000000000005e0       0xf8 Drivers/STM32F1xx_HAL_Driver/Src/stm32f1xx_hal_rtc.o
 .debug_aranges
                0x00000000000006d8       0xf0 Drivers/STM32F1xx_HAL_Driver/Src/stm32f1xx_ll_usb.o
 .debug_aranges
                0x00000000000007c8       0x68 Middlewares/ST/STM32_USB_Device_Library/Class/MSC/Src/usbd_msc.o
 .debug_aranges
                0x0000000000000830       0x68 Middlewares/ST/STM32_USB_Device_Library/Class/MSC/Src/usbd_msc_bot.o
 .debug_aranges
                0x0000000000000898       0x18 Middlewares/ST/STM32_USB_Device_Library/Class/MSC/Src/usbd_msc_data.o
 .debug_aranges
                0x00000000000008b0       0x98 Middlewares/ST/STM32_USB_Device_Library/Class/MSC/Src/usbd_msc_scsi.o
 .debug_aranges
                0x0000000000000948       0xb8 Middlewares/ST/STM32_USB_Device_Library/Core/Src/usbd_core.o
 .debug_aranges
                0x0000000000000a00       0x88 Middlewares/ST/STM32_USB_Device_Library/Core/Src/usbd_ctlreq.o
 .debug_aranges
                0x0000000000000a88       0x50 Middlewares/ST/STM32_USB_Device_Library/Core/Src/usbd_ioreq.o
 .debug_aranges
                0x0000000000000ad8       0x20 USB_DEVICE/App/usb_device.o
 .debug_aranges
                0x0000000000000af8       0x60 USB_DEVICE/App/usbd_desc.o
 .debug_aranges
                0x0000000000000b58       0x50 USB_DEVICE/App/usbd_storage_if.o
 .debug_aranges
                0x0000000000000ba8      0x118 USB_DEVICE/Target/usbd_conf.o

.debug_ranges   0x0000000000000000      0xb30
 .debug_ranges  0x0000000000000000       0x30 Core/Src/main.o
 .debug_ranges  0x0000000000000030       0x20 Core/Src/stm32f1xx_hal_msp.o
 .debug_ranges  0x0000000000000050       0x58 Core/Src/stm32f1xx_it.o
 .debug_ranges  0x00000000000000a8       0x18 Core/Src/system_stm32f1xx.o
 .debug_ranges  0x00000000000000c0       0x20 Core/Startup/startup_stm32f103zetx.o
 .debug_ranges  0x00000000000000e0       0xd0 Drivers/STM32F1xx_HAL_Driver/Src/stm32f1xx_hal.o
 .debug_ranges  0x00000000000001b0       0xf0 Drivers/STM32F1xx_HAL_Driver/Src/stm32f1xx_hal_cortex.o
 .debug_ranges  0x00000000000002a0      0x128 Drivers/STM32F1xx_HAL_Driver/Src/stm32f1xx_hal_pcd.o
 .debug_ranges  0x00000000000003c8       0x28 Drivers/STM32F1xx_HAL_Driver/Src/stm32f1xx_hal_pcd_ex.o
 .debug_ranges  0x00000000000003f0       0x98 Drivers/STM32F1xx_HAL_Driver/Src/stm32f1xx_hal_pwr.o
 .debug_ranges  0x0000000000000488       0x80 Drivers/STM32F1xx_HAL_Driver/Src/stm32f1xx_hal_rcc.o
 .debug_ranges  0x0000000000000508       0x20 Drivers/STM32F1xx_HAL_Driver/Src/stm32f1xx_hal_rcc_ex.o
 .debug_ranges  0x0000000000000528       0xe8 Drivers/STM32F1xx_HAL_Driver/Src/stm32f1xx_hal_rtc.o
 .debug_ranges  0x0000000000000610       0xe0 Drivers/STM32F1xx_HAL_Driver/Src/stm32f1xx_ll_usb.o
 .debug_ranges  0x00000000000006f0       0x58 Middlewares/ST/STM32_USB_Device_Library/Class/MSC/Src/usbd_msc.o
 .debug_ranges  0x0000000000000748       0x58 Middlewares/ST/STM32_USB_Device_Library/Class/MSC/Src/usbd_msc_bot.o
 .debug_ranges  0x00000000000007a0       0x88 Middlewares/ST/STM32_USB_Device_Library/Class/MSC/Src/usbd_msc_scsi.o
 .debug_ranges  0x0000000000000828       0xa8 Middlewares/ST/STM32_USB_Device_Library/Core/Src/usbd_core.o
 .debug_ranges  0x00000000000008d0       0x78 Middlewares/ST/STM32_USB_Device_Library/Core/Src/usbd_ctlreq.o
 .debug_ranges  0x0000000000000948       0x40 Middlewares/ST/STM32_USB_Device_Library/Core/Src/usbd_ioreq.o
 .debug_ranges  0x0000000000000988       0x10 USB_DEVICE/App/usb_device.o
 .debug_ranges  0x0000000000000998       0x50 USB_DEVICE/App/usbd_desc.o
 .debug_ranges  0x00000000000009e8       0x40 USB_DEVICE/App/usbd_storage_if.o
 .debug_ranges  0x0000000000000a28      0x108 USB_DEVICE/Target/usbd_conf.o

.debug_macro    0x0000000000000000    0x1cb91
 .debug_macro   0x0000000000000000      0x3a8 Core/Src/main.o
 .debug_macro   0x00000000000003a8      0xa5a Core/Src/main.o
 .debug_macro   0x0000000000000e02      0x21b Core/Src/main.o
 .debug_macro   0x000000000000101d       0x2e Core/Src/main.o
 .debug_macro   0x000000000000104b       0x22 Core/Src/main.o
 .debug_macro   0x000000000000106d       0x22 Core/Src/main.o
 .debug_macro   0x000000000000108f       0x8e Core/Src/main.o
 .debug_macro   0x000000000000111d       0x51 Core/Src/main.o
 .debug_macro   0x000000000000116e       0xef Core/Src/main.o
 .debug_macro   0x000000000000125d       0x6a Core/Src/main.o
 .debug_macro   0x00000000000012c7      0x1df Core/Src/main.o
 .debug_macro   0x00000000000014a6       0x1c Core/Src/main.o
 .debug_macro   0x00000000000014c2       0x22 Core/Src/main.o
 .debug_macro   0x00000000000014e4       0xc3 Core/Src/main.o
 .debug_macro   0x00000000000015a7      0xd23 Core/Src/main.o
 .debug_macro   0x00000000000022ca     0xfd85 Core/Src/main.o
 .debug_macro   0x000000000001204f       0x43 Core/Src/main.o
 .debug_macro   0x0000000000012092     0x3468 Core/Src/main.o
 .debug_macro   0x00000000000154fa      0x174 Core/Src/main.o
 .debug_macro   0x000000000001566e       0x5c Core/Src/main.o
 .debug_macro   0x00000000000156ca      0x5be Core/Src/main.o
 .debug_macro   0x0000000000015c88      0x4d5 Core/Src/main.o
 .debug_macro   0x000000000001615d      0x1cb Core/Src/main.o
 .debug_macro   0x0000000000016328      0x114 Core/Src/main.o
 .debug_macro   0x000000000001643c      0x1ea Core/Src/main.o
 .debug_macro   0x0000000000016626       0x27 Core/Src/main.o
 .debug_macro   0x000000000001664d      0x144 Core/Src/main.o
 .debug_macro   0x0000000000016791      0x1bc Core/Src/main.o
 .debug_macro   0x000000000001694d       0x30 Core/Src/main.o
 .debug_macro   0x000000000001697d       0x3c Core/Src/main.o
 .debug_macro   0x00000000000169b9       0x57 Core/Src/main.o
 .debug_macro   0x0000000000016a10       0x88 Core/Src/main.o
 .debug_macro   0x0000000000016a98      0x24f Core/Src/main.o
 .debug_macro   0x0000000000016ce7      0x141 Core/Src/main.o
 .debug_macro   0x0000000000016e28      0x1ef Core/Src/main.o
 .debug_macro   0x0000000000017017      0x1cc Core/Src/main.o
 .debug_macro   0x00000000000171e3       0x65 Core/Src/main.o
 .debug_macro   0x0000000000017248      0x249 Core/Src/main.o
 .debug_macro   0x0000000000017491       0xb5 Core/Src/main.o
 .debug_macro   0x0000000000017546       0x46 Core/Src/main.o
 .debug_macro   0x000000000001758c       0x18 Core/Src/main.o
 .debug_macro   0x00000000000175a4       0x3c Core/Src/main.o
 .debug_macro   0x00000000000175e0       0x34 Core/Src/main.o
 .debug_macro   0x0000000000017614       0x16 Core/Src/main.o
 .debug_macro   0x000000000001762a       0x35 Core/Src/main.o
 .debug_macro   0x000000000001765f      0x32a Core/Src/main.o
 .debug_macro   0x0000000000017989       0x10 Core/Src/main.o
 .debug_macro   0x0000000000017999       0x52 Core/Src/main.o
 .debug_macro   0x00000000000179eb       0x1f Core/Src/main.o
 .debug_macro   0x0000000000017a0a       0x43 Core/Src/main.o
 .debug_macro   0x0000000000017a4d       0x20 Core/Src/main.o
 .debug_macro   0x0000000000017a6d      0x1a3 Core/Src/main.o
 .debug_macro   0x0000000000017c10       0x10 Core/Src/main.o
 .debug_macro   0x0000000000017c20       0x1c Core/Src/main.o
 .debug_macro   0x0000000000017c3c       0x52 Core/Src/main.o
 .debug_macro   0x0000000000017c8e       0x40 Core/Src/main.o
 .debug_macro   0x0000000000017cce       0x10 Core/Src/main.o
 .debug_macro   0x0000000000017cde       0x40 Core/Src/main.o
 .debug_macro   0x0000000000017d1e       0xd7 Core/Src/main.o
 .debug_macro   0x0000000000017df5       0x1c Core/Src/main.o
 .debug_macro   0x0000000000017e11       0x3d Core/Src/main.o
 .debug_macro   0x0000000000017e4e       0x16 Core/Src/main.o
 .debug_macro   0x0000000000017e64      0x145 Core/Src/main.o
 .debug_macro   0x0000000000017fa9       0x16 Core/Src/main.o
 .debug_macro   0x0000000000017fbf       0x16 Core/Src/main.o
 .debug_macro   0x0000000000017fd5       0x29 Core/Src/main.o
 .debug_macro   0x0000000000017ffe       0x16 Core/Src/main.o
 .debug_macro   0x0000000000018014       0x20 Core/Src/main.o
 .debug_macro   0x0000000000018034       0x60 Core/Src/main.o
 .debug_macro   0x0000000000018094      0x1c8 Core/Src/main.o
 .debug_macro   0x000000000001825c      0x1c6 Core/Src/stm32f1xx_hal_msp.o
 .debug_macro   0x0000000000018422      0x1d0 Core/Src/stm32f1xx_it.o
 .debug_macro   0x00000000000185f2      0x1bc Core/Src/system_stm32f1xx.o
 .debug_macro   0x00000000000187ae      0x1e0 Drivers/STM32F1xx_HAL_Driver/Src/stm32f1xx_hal.o
 .debug_macro   0x000000000001898e      0x1bc Drivers/STM32F1xx_HAL_Driver/Src/stm32f1xx_hal_cortex.o
 .debug_macro   0x0000000000018b4a      0x1c8 Drivers/STM32F1xx_HAL_Driver/Src/stm32f1xx_hal_pcd.o
 .debug_macro   0x0000000000018d12      0x1bc Drivers/STM32F1xx_HAL_Driver/Src/stm32f1xx_hal_pcd_ex.o
 .debug_macro   0x0000000000018ece      0x21c Drivers/STM32F1xx_HAL_Driver/Src/stm32f1xx_hal_pwr.o
 .debug_macro   0x00000000000190ea      0x1ce Drivers/STM32F1xx_HAL_Driver/Src/stm32f1xx_hal_rcc.o
 .debug_macro   0x00000000000192b8      0x1bc Drivers/STM32F1xx_HAL_Driver/Src/stm32f1xx_hal_rcc_ex.o
 .debug_macro   0x0000000000019474      0x1cb Drivers/STM32F1xx_HAL_Driver/Src/stm32f1xx_hal_rtc.o
 .debug_macro   0x000000000001963f      0x1bc Drivers/STM32F1xx_HAL_Driver/Src/stm32f1xx_ll_usb.o
 .debug_macro   0x00000000000197fb      0x3ef Middlewares/ST/STM32_USB_Device_Library/Class/MSC/Src/usbd_msc.o
 .debug_macro   0x0000000000019bea       0x97 Middlewares/ST/STM32_USB_Device_Library/Class/MSC/Src/usbd_msc.o
 .debug_macro   0x0000000000019c81       0xfd Middlewares/ST/STM32_USB_Device_Library/Class/MSC/Src/usbd_msc.o
 .debug_macro   0x0000000000019d7e       0xbd Middlewares/ST/STM32_USB_Device_Library/Class/MSC/Src/usbd_msc.o
 .debug_macro   0x0000000000019e3b       0x56 Middlewares/ST/STM32_USB_Device_Library/Class/MSC/Src/usbd_msc.o
 .debug_macro   0x0000000000019e91      0x1ce Middlewares/ST/STM32_USB_Device_Library/Class/MSC/Src/usbd_msc.o
 .debug_macro   0x000000000001a05f       0x7c Middlewares/ST/STM32_USB_Device_Library/Class/MSC/Src/usbd_msc.o
 .debug_macro   0x000000000001a0db      0x15a Middlewares/ST/STM32_USB_Device_Library/Class/MSC/Src/usbd_msc.o
 .debug_macro   0x000000000001a235       0x34 Middlewares/ST/STM32_USB_Device_Library/Class/MSC/Src/usbd_msc.o
 .debug_macro   0x000000000001a269      0x3f7 Middlewares/ST/STM32_USB_Device_Library/Class/MSC/Src/usbd_msc_bot.o
 .debug_macro   0x000000000001a660      0x398 Middlewares/ST/STM32_USB_Device_Library/Class/MSC/Src/usbd_msc_data.o
 .debug_macro   0x000000000001a9f8       0x1c Middlewares/ST/STM32_USB_Device_Library/Class/MSC/Src/usbd_msc_data.o
 .debug_macro   0x000000000001aa14      0x400 Middlewares/ST/STM32_USB_Device_Library/Class/MSC/Src/usbd_msc_scsi.o
 .debug_macro   0x000000000001ae14       0x22 Middlewares/ST/STM32_USB_Device_Library/Class/MSC/Src/usbd_msc_scsi.o
 .debug_macro   0x000000000001ae36      0x3ba Middlewares/ST/STM32_USB_Device_Library/Core/Src/usbd_core.o
 .debug_macro   0x000000000001b1f0      0x3c4 Middlewares/ST/STM32_USB_Device_Library/Core/Src/usbd_ctlreq.o
 .debug_macro   0x000000000001b5b4      0x3c0 Middlewares/ST/STM32_USB_Device_Library/Core/Src/usbd_ioreq.o
 .debug_macro   0x000000000001b974      0x40c USB_DEVICE/App/usb_device.o
 .debug_macro   0x000000000001bd80       0x22 USB_DEVICE/App/usb_device.o
 .debug_macro   0x000000000001bda2       0x82 USB_DEVICE/App/usb_device.o
 .debug_macro   0x000000000001be24      0x160 USB_DEVICE/App/usb_device.o
 .debug_macro   0x000000000001bf84      0x3f7 USB_DEVICE/App/usbd_desc.o
 .debug_macro   0x000000000001c37b       0x1c USB_DEVICE/App/usbd_desc.o
 .debug_macro   0x000000000001c397      0x40b USB_DEVICE/App/usbd_storage_if.o
 .debug_macro   0x000000000001c7a2      0x3ef USB_DEVICE/Target/usbd_conf.o

.debug_line     0x0000000000000000     0xee6d
 .debug_line    0x0000000000000000      0x9c7 Core/Src/main.o
 .debug_line    0x00000000000009c7      0x6cf Core/Src/stm32f1xx_hal_msp.o
 .debug_line    0x0000000000001096      0x760 Core/Src/stm32f1xx_it.o
 .debug_line    0x00000000000017f6      0x6ce Core/Src/system_stm32f1xx.o
 .debug_line    0x0000000000001ec4       0x84 Core/Startup/startup_stm32f103zetx.o
 .debug_line    0x0000000000001f48      0x881 Drivers/STM32F1xx_HAL_Driver/Src/stm32f1xx_hal.o
 .debug_line    0x00000000000027c9      0x958 Drivers/STM32F1xx_HAL_Driver/Src/stm32f1xx_hal_cortex.o
 .debug_line    0x0000000000003121      0xce5 Drivers/STM32F1xx_HAL_Driver/Src/stm32f1xx_hal_pcd.o
 .debug_line    0x0000000000003e06      0x6f2 Drivers/STM32F1xx_HAL_Driver/Src/stm32f1xx_hal_pcd_ex.o
 .debug_line    0x00000000000044f8      0x824 Drivers/STM32F1xx_HAL_Driver/Src/stm32f1xx_hal_pwr.o
 .debug_line    0x0000000000004d1c      0x941 Drivers/STM32F1xx_HAL_Driver/Src/stm32f1xx_hal_rcc.o
 .debug_line    0x000000000000565d      0x765 Drivers/STM32F1xx_HAL_Driver/Src/stm32f1xx_hal_rcc_ex.o
 .debug_line    0x0000000000005dc2      0xb2c Drivers/STM32F1xx_HAL_Driver/Src/stm32f1xx_hal_rtc.o
 .debug_line    0x00000000000068ee      0xd1a Drivers/STM32F1xx_HAL_Driver/Src/stm32f1xx_ll_usb.o
 .debug_line    0x0000000000007608      0xb17 Middlewares/ST/STM32_USB_Device_Library/Class/MSC/Src/usbd_msc.o
 .debug_line    0x000000000000811f      0xb43 Middlewares/ST/STM32_USB_Device_Library/Class/MSC/Src/usbd_msc_bot.o
 .debug_line    0x0000000000008c62      0x957 Middlewares/ST/STM32_USB_Device_Library/Class/MSC/Src/usbd_msc_data.o
 .debug_line    0x00000000000095b9      0xc1b Middlewares/ST/STM32_USB_Device_Library/Class/MSC/Src/usbd_msc_scsi.o
 .debug_line    0x000000000000a1d4      0xb98 Middlewares/ST/STM32_USB_Device_Library/Core/Src/usbd_core.o
 .debug_line    0x000000000000ad6c      0xc21 Middlewares/ST/STM32_USB_Device_Library/Core/Src/usbd_ctlreq.o
 .debug_line    0x000000000000b98d      0xa01 Middlewares/ST/STM32_USB_Device_Library/Core/Src/usbd_ioreq.o
 .debug_line    0x000000000000c38e      0xa0c USB_DEVICE/App/usb_device.o
 .debug_line    0x000000000000cd9a      0xa35 USB_DEVICE/App/usbd_desc.o
 .debug_line    0x000000000000d7cf      0xa5b USB_DEVICE/App/usbd_storage_if.o
 .debug_line    0x000000000000e22a      0xc43 USB_DEVICE/Target/usbd_conf.o

.debug_str      0x0000000000000000    0x95911
 .debug_str     0x0000000000000000    0x91b01 Core/Src/main.o
                                      0x91fe6 (size before relaxing)
 .debug_str     0x0000000000091b01       0x7c Core/Src/stm32f1xx_hal_msp.o
                                      0x8d27a (size before relaxing)
 .debug_str     0x0000000000091b7d      0x3c3 Core/Src/stm32f1xx_it.o
                                      0x8d48e (size before relaxing)
 .debug_str     0x0000000000091f40       0x52 Core/Src/system_stm32f1xx.o
                                      0x8d0d8 (size before relaxing)
 .debug_str     0x0000000000091f92       0x36 Core/Startup/startup_stm32f103zetx.o
                                         0x70 (size before relaxing)
 .debug_str     0x0000000000091fc8      0x5f6 Drivers/STM32F1xx_HAL_Driver/Src/stm32f1xx_hal.o
                                      0x8d84d (size before relaxing)
 .debug_str     0x00000000000925be      0x2d8 Drivers/STM32F1xx_HAL_Driver/Src/stm32f1xx_hal_cortex.o
                                      0x8d855 (size before relaxing)
 .debug_str     0x0000000000092896      0x402 Drivers/STM32F1xx_HAL_Driver/Src/stm32f1xx_hal_pcd.o
                                      0x8d82b (size before relaxing)
 .debug_str     0x0000000000092c98      0x18d Drivers/STM32F1xx_HAL_Driver/Src/stm32f1xx_hal_pcd_ex.o
                                      0x8d578 (size before relaxing)
 .debug_str     0x0000000000092e25      0x507 Drivers/STM32F1xx_HAL_Driver/Src/stm32f1xx_hal_pwr.o
                                      0x8d63b (size before relaxing)
 .debug_str     0x000000000009332c      0x270 Drivers/STM32F1xx_HAL_Driver/Src/stm32f1xx_hal_rcc.o
                                      0x8d4d5 (size before relaxing)
 .debug_str     0x000000000009359c       0xb9 Drivers/STM32F1xx_HAL_Driver/Src/stm32f1xx_hal_rcc_ex.o
                                      0x8d288 (size before relaxing)
 .debug_str     0x0000000000093655      0x41e Drivers/STM32F1xx_HAL_Driver/Src/stm32f1xx_hal_rtc.o
                                      0x8d693 (size before relaxing)
 .debug_str     0x0000000000093a73      0x2b2 Drivers/STM32F1xx_HAL_Driver/Src/stm32f1xx_ll_usb.o
                                      0x8d5ab (size before relaxing)
 .debug_str     0x0000000000093d25      0xf1a Middlewares/ST/STM32_USB_Device_Library/Class/MSC/Src/usbd_msc.o
                                      0x92c02 (size before relaxing)
 .debug_str     0x0000000000094c3f       0xf9 Middlewares/ST/STM32_USB_Device_Library/Class/MSC/Src/usbd_msc_bot.o
                                      0x92b4e (size before relaxing)
 .debug_str     0x0000000000094d38       0xfc Middlewares/ST/STM32_USB_Device_Library/Class/MSC/Src/usbd_msc_data.o
                                      0x914c6 (size before relaxing)
 .debug_str     0x0000000000094e34      0x178 Middlewares/ST/STM32_USB_Device_Library/Class/MSC/Src/usbd_msc_scsi.o
                                      0x92c84 (size before relaxing)
 .debug_str     0x0000000000094fac      0x1b5 Middlewares/ST/STM32_USB_Device_Library/Core/Src/usbd_core.o
                                      0x921da (size before relaxing)
 .debug_str     0x0000000000095161      0x12f Middlewares/ST/STM32_USB_Device_Library/Core/Src/usbd_ctlreq.o
                                      0x92160 (size before relaxing)
 .debug_str     0x0000000000095290       0xc9 Middlewares/ST/STM32_USB_Device_Library/Core/Src/usbd_ioreq.o
                                      0x920e8 (size before relaxing)
 .debug_str     0x0000000000095359       0xf8 USB_DEVICE/App/usb_device.o
                                      0x929ef (size before relaxing)
 .debug_str     0x0000000000095451      0x255 USB_DEVICE/App/usbd_desc.o
                                      0x92050 (size before relaxing)
 .debug_str     0x00000000000956a6      0x117 USB_DEVICE/App/usbd_storage_if.o
                                      0x92a54 (size before relaxing)
 .debug_str     0x00000000000957bd      0x154 USB_DEVICE/Target/usbd_conf.o
                                      0x93376 (size before relaxing)

.comment        0x0000000000000000       0x7b
 .comment       0x0000000000000000       0x7b Core/Src/main.o
                                         0x7c (size before relaxing)
 .comment       0x000000000000007b       0x7c Core/Src/stm32f1xx_hal_msp.o
 .comment       0x000000000000007b       0x7c Core/Src/stm32f1xx_it.o
 .comment       0x000000000000007b       0x7c Core/Src/system_stm32f1xx.o
 .comment       0x000000000000007b       0x7c Drivers/STM32F1xx_HAL_Driver/Src/stm32f1xx_hal.o
 .comment       0x000000000000007b       0x7c Drivers/STM32F1xx_HAL_Driver/Src/stm32f1xx_hal_cortex.o
 .comment       0x000000000000007b       0x7c Drivers/STM32F1xx_HAL_Driver/Src/stm32f1xx_hal_pcd.o
 .comment       0x000000000000007b       0x7c Drivers/STM32F1xx_HAL_Driver/Src/stm32f1xx_hal_pcd_ex.o
 .comment       0x000000000000007b       0x7c Drivers/STM32F1xx_HAL_Driver/Src/stm32f1xx_hal_pwr.o
 .comment       0x000000000000007b       0x7c Drivers/STM32F1xx_HAL_Driver/Src/stm32f1xx_hal_rcc.o
 .comment       0x000000000000007b       0x7c Drivers/STM32F1xx_HAL_Driver/Src/stm32f1xx_hal_rcc_ex.o
 .comment       0x000000000000007b       0x7c Drivers/STM32F1xx_HAL_Driver/Src/stm32f1xx_hal_rtc.o
 .comment       0x000000000000007b       0x7c Drivers/STM32F1xx_HAL_Driver/Src/stm32f1xx_ll_usb.o
 .comment       0x000000000000007b       0x7c Middlewares/ST/STM32_USB_Device_Library/Class/MSC/Src/usbd_msc.o
 .comment       0x000000000000007b       0x7c Middlewares/ST/STM32_USB_Device_Library/Class/MSC/Src/usbd_msc_bot.o
 .comment       0x000000000000007b       0x7c Middlewares/ST/STM32_USB_Device_Library/Class/MSC/Src/usbd_msc_data.o
 .comment       0x000000000000007b       0x7c Middlewares/ST/STM32_USB_Device_Library/Class/MSC/Src/usbd_msc_scsi.o
 .comment       0x000000000000007b       0x7c Middlewares/ST/STM32_USB_Device_Library/Core/Src/usbd_core.o
 .comment       0x000000000000007b       0x7c Middlewares/ST/STM32_USB_Device_Library/Core/Src/usbd_ctlreq.o
 .comment       0x000000000000007b       0x7c Middlewares/ST/STM32_USB_Device_Library/Core/Src/usbd_ioreq.o
 .comment       0x000000000000007b       0x7c USB_DEVICE/App/usb_device.o
 .comment       0x000000000000007b       0x7c USB_DEVICE/App/usbd_desc.o
 .comment       0x000000000000007b       0x7c USB_DEVICE/App/usbd_storage_if.o
 .comment       0x000000000000007b       0x7c USB_DEVICE/Target/usbd_conf.o

.debug_frame    0x0000000000000000     0x3120
 .debug_frame   0x0000000000000000       0xac Core/Src/main.o
 .debug_frame   0x00000000000000ac       0x84 Core/Src/stm32f1xx_hal_msp.o
 .debug_frame   0x0000000000000130      0x120 Core/Src/stm32f1xx_it.o
 .debug_frame   0x0000000000000250       0x58 Core/Src/system_stm32f1xx.o
 .debug_frame   0x00000000000002a8      0x334 Drivers/STM32F1xx_HAL_Driver/Src/stm32f1xx_hal.o
 .debug_frame   0x00000000000005dc      0x428 Drivers/STM32F1xx_HAL_Driver/Src/stm32f1xx_hal_cortex.o
 .debug_frame   0x0000000000000a04      0x578 Drivers/STM32F1xx_HAL_Driver/Src/stm32f1xx_hal_pcd.o
 .debug_frame   0x0000000000000f7c       0xb0 Drivers/STM32F1xx_HAL_Driver/Src/stm32f1xx_hal_pcd_ex.o
 .debug_frame   0x000000000000102c      0x270 Drivers/STM32F1xx_HAL_Driver/Src/stm32f1xx_hal_pwr.o
 .debug_frame   0x000000000000129c      0x21c Drivers/STM32F1xx_HAL_Driver/Src/stm32f1xx_hal_rcc.o
 .debug_frame   0x00000000000014b8       0x84 Drivers/STM32F1xx_HAL_Driver/Src/stm32f1xx_hal_rcc_ex.o
 .debug_frame   0x000000000000153c      0x434 Drivers/STM32F1xx_HAL_Driver/Src/stm32f1xx_hal_rtc.o
 .debug_frame   0x0000000000001970      0x450 Drivers/STM32F1xx_HAL_Driver/Src/stm32f1xx_ll_usb.o
 .debug_frame   0x0000000000001dc0      0x190 Middlewares/ST/STM32_USB_Device_Library/Class/MSC/Src/usbd_msc.o
 .debug_frame   0x0000000000001f50      0x17c Middlewares/ST/STM32_USB_Device_Library/Class/MSC/Src/usbd_msc_bot.o
 .debug_frame   0x00000000000020cc      0x274 Middlewares/ST/STM32_USB_Device_Library/Class/MSC/Src/usbd_msc_scsi.o
 .debug_frame   0x0000000000002340      0x300 Middlewares/ST/STM32_USB_Device_Library/Core/Src/usbd_core.o
 .debug_frame   0x0000000000002640      0x218 Middlewares/ST/STM32_USB_Device_Library/Core/Src/usbd_ctlreq.o
 .debug_frame   0x0000000000002858      0x10c Middlewares/ST/STM32_USB_Device_Library/Core/Src/usbd_ioreq.o
 .debug_frame   0x0000000000002964       0x2c USB_DEVICE/App/usb_device.o
 .debug_frame   0x0000000000002990      0x160 USB_DEVICE/App/usbd_desc.o
 .debug_frame   0x0000000000002af0      0x118 USB_DEVICE/App/usbd_storage_if.o
 .debug_frame   0x0000000000002c08      0x4a4 USB_DEVICE/Target/usbd_conf.o
 .debug_frame   0x00000000000030ac       0x2c c:/st/stm32cubeide_1.5.1/stm32cubeide/plugins/com.st.stm32cube.ide.mcu.externaltools.gnu-tools-for-stm32.7-2018-q2-update.win32_1.5.0.202011040924/tools/bin/../lib/gcc/arm-none-eabi/7.3.1/../../../../arm-none-eabi/lib/thumb/v7-m\libc_nano.a(lib_a-init.o)
 .debug_frame   0x00000000000030d8       0x28 c:/st/stm32cubeide_1.5.1/stm32cubeide/plugins/com.st.stm32cube.ide.mcu.externaltools.gnu-tools-for-stm32.7-2018-q2-update.win32_1.5.0.202011040924/tools/bin/../lib/gcc/arm-none-eabi/7.3.1/../../../../arm-none-eabi/lib/thumb/v7-m\libc_nano.a(lib_a-memcpy-stub.o)
 .debug_frame   0x0000000000003100       0x20 c:/st/stm32cubeide_1.5.1/stm32cubeide/plugins/com.st.stm32cube.ide.mcu.externaltools.gnu-tools-for-stm32.7-2018-q2-update.win32_1.5.0.202011040924/tools/bin/../lib/gcc/arm-none-eabi/7.3.1/../../../../arm-none-eabi/lib/thumb/v7-m\libc_nano.a(lib_a-memset.o)
